Component: ARM Compiler 5.06 update 7 (build 960) Tool: armlink [4d3601]

==============================================================================

Section Cross References

    startup_stm32f103xb.o(STACK) refers (Special) to heapauxi.o(.text) for __use_two_region_memory
    startup_stm32f103xb.o(HEAP) refers (Special) to heapauxi.o(.text) for __use_two_region_memory
    startup_stm32f103xb.o(RESET) refers (Special) to heapauxi.o(.text) for __use_two_region_memory
    startup_stm32f103xb.o(RESET) refers to startup_stm32f103xb.o(STACK) for __initial_sp
    startup_stm32f103xb.o(RESET) refers to startup_stm32f103xb.o(.text) for Reset_Handler
    startup_stm32f103xb.o(RESET) refers to stm32f1xx_it.o(i.NMI_Handler) for NMI_Handler
    startup_stm32f103xb.o(RESET) refers to stm32f1xx_it.o(i.HardFault_Handler) for HardFault_Handler
    startup_stm32f103xb.o(RESET) refers to stm32f1xx_it.o(i.MemManage_Handler) for MemManage_Handler
    startup_stm32f103xb.o(RESET) refers to stm32f1xx_it.o(i.BusFault_Handler) for BusFault_Handler
    startup_stm32f103xb.o(RESET) refers to stm32f1xx_it.o(i.UsageFault_Handler) for UsageFault_Handler
    startup_stm32f103xb.o(RESET) refers to port.o(.emb_text) for SVC_Handler
    startup_stm32f103xb.o(RESET) refers to stm32f1xx_it.o(i.DebugMon_Handler) for DebugMon_Handler
    startup_stm32f103xb.o(RESET) refers to port.o(i.SysTick_Handler) for SysTick_Handler
    startup_stm32f103xb.o(RESET) refers to stm32f1xx_it.o(i.TIM2_IRQHandler) for TIM2_IRQHandler
    startup_stm32f103xb.o(RESET) refers to stm32f1xx_it.o(i.TIM4_IRQHandler) for TIM4_IRQHandler
    startup_stm32f103xb.o(RESET) refers to stm32f1xx_it.o(i.USART1_IRQHandler) for USART1_IRQHandler
    startup_stm32f103xb.o(.text) refers (Special) to heapauxi.o(.text) for __use_two_region_memory
    startup_stm32f103xb.o(.text) refers to system_stm32f1xx.o(i.SystemInit) for SystemInit
    startup_stm32f103xb.o(.text) refers to __main.o(!!!main) for __main
    startup_stm32f103xb.o(.text) refers to startup_stm32f103xb.o(HEAP) for Heap_Mem
    startup_stm32f103xb.o(.text) refers to startup_stm32f103xb.o(STACK) for Stack_Mem
    main.o(i.HAL_TIM_PeriodElapsedCallback) refers to stm32f1xx_hal.o(i.HAL_IncTick) for HAL_IncTick
    main.o(i.SystemClock_Config) refers to rt_memclr_w.o(.text) for __aeabi_memclr4
    main.o(i.SystemClock_Config) refers to stm32f1xx_hal_rcc.o(i.HAL_RCC_OscConfig) for HAL_RCC_OscConfig
    main.o(i.SystemClock_Config) refers to stm32f1xx_hal_rcc.o(i.HAL_RCC_ClockConfig) for HAL_RCC_ClockConfig
    main.o(i.main) refers to stm32f1xx_hal.o(i.HAL_Init) for HAL_Init
    main.o(i.main) refers to main.o(i.SystemClock_Config) for SystemClock_Config
    main.o(i.main) refers to gpio.o(i.MX_GPIO_Init) for MX_GPIO_Init
    main.o(i.main) refers to tim.o(i.MX_TIM2_Init) for MX_TIM2_Init
    main.o(i.main) refers to tim.o(i.MX_TIM3_Init) for MX_TIM3_Init
    main.o(i.main) refers to i2c.o(i.MX_I2C1_Init) for MX_I2C1_Init
    main.o(i.main) refers to usart.o(i.MX_USART1_UART_Init) for MX_USART1_UART_Init
    main.o(i.main) refers to synth.o(i.synth_init) for synth_init
    main.o(i.main) refers to input.o(i.input_init) for input_init
    main.o(i.main) refers to oled_ui.o(i.oled_ui_init) for oled_ui_init
    main.o(i.main) refers to synth.o(i.synth_set_waveform) for synth_set_waveform
    main.o(i.main) refers to stm32f1xx_hal_tim.o(i.HAL_TIM_PWM_Start) for HAL_TIM_PWM_Start
    main.o(i.main) refers to stm32f1xx_hal_tim.o(i.HAL_TIM_Base_Start_IT) for HAL_TIM_Base_Start_IT
    main.o(i.main) refers to freertos.o(i.MX_FREERTOS_Init) for MX_FREERTOS_Init
    main.o(i.main) refers to cmsis_os.o(i.osKernelStart) for osKernelStart
    main.o(i.main) refers to tim.o(.bss) for htim3
    gpio.o(i.MX_GPIO_Init) refers to stm32f1xx_hal_gpio.o(i.HAL_GPIO_Init) for HAL_GPIO_Init
    freertos.o(i.MX_FREERTOS_Init) refers to rt_memcpy_w.o(.text) for __aeabi_memcpy4
    freertos.o(i.MX_FREERTOS_Init) refers to cmsis_os.o(i.osThreadCreate) for osThreadCreate
    freertos.o(i.MX_FREERTOS_Init) refers to freertos.o(.constdata) for .constdata
    freertos.o(i.MX_FREERTOS_Init) refers to freertos.o(.data) for .data
    freertos.o(i.StartDefaultTask) refers to input.o(i.input_task_step) for input_task_step
    freertos.o(i.StartDefaultTask) refers to oled_ui.o(i.oled_ui_task_step) for oled_ui_task_step
    freertos.o(i.StartDefaultTask) refers to cmsis_os.o(i.osDelay) for osDelay
    freertos.o(i.vApplicationGetIdleTaskMemory) refers to freertos.o(.bss) for .bss
    freertos.o(.constdata) refers to freertos.o(.conststring) for .conststring
    freertos.o(.constdata) refers to freertos.o(i.StartDefaultTask) for StartDefaultTask
    i2c.o(i.HAL_I2C_MspDeInit) refers to stm32f1xx_hal_gpio.o(i.HAL_GPIO_DeInit) for HAL_GPIO_DeInit
    i2c.o(i.HAL_I2C_MspInit) refers to stm32f1xx_hal_gpio.o(i.HAL_GPIO_Init) for HAL_GPIO_Init
    i2c.o(i.MX_I2C1_Init) refers to stm32f1xx_hal_i2c.o(i.HAL_I2C_Init) for HAL_I2C_Init
[...]
    i.powf                                   0x08002a3c   Section        0  powf.o(i.powf)
    i.prvAddCurrentTaskToDelayedList         0x0800305c   Section        0  tasks.o(i.prvAddCurrentTaskToDelayedList)
    prvAddCurrentTaskToDelayedList           0x0800305d   Thumb Code   102  tasks.o(i.prvAddCurrentTaskToDelayedList)
    i.prvAddNewTaskToReadyList               0x080030cc   Section        0  tasks.o(i.prvAddNewTaskToReadyList)
    prvAddNewTaskToReadyList                 0x080030cd   Thumb Code   194  tasks.o(i.prvAddNewTaskToReadyList)
    i.prvDeleteTCB                           0x0800319c   Section        0  tasks.o(i.prvDeleteTCB)
    prvDeleteTCB                             0x0800319d   Thumb Code    52  tasks.o(i.prvDeleteTCB)
    i.prvHeapInit                            0x080031d0   Section        0  heap_4.o(i.prvHeapInit)
    prvHeapInit                              0x080031d1   Thumb Code    66  heap_4.o(i.prvHeapInit)
    i.prvIdleTask                            0x0800321c   Section        0  tasks.o(i.prvIdleTask)
    prvIdleTask                              0x0800321d   Thumb Code    82  tasks.o(i.prvIdleTask)
    i.prvInitialiseNewTask                   0x0800327c   Section        0  tasks.o(i.prvInitialiseNewTask)
    prvInitialiseNewTask                     0x0800327d   Thumb Code   152  tasks.o(i.prvInitialiseNewTask)
    i.prvInsertBlockIntoFreeList             0x08003314   Section        0  heap_4.o(i.prvInsertBlockIntoFreeList)
    prvInsertBlockIntoFreeList               0x08003315   Thumb Code    72  heap_4.o(i.prvInsertBlockIntoFreeList)
    i.prvResetNextTaskUnblockTime            0x08003360   Section        0  tasks.o(i.prvResetNextTaskUnblockTime)
    prvResetNextTaskUnblockTime              0x08003361   Thumb Code    26  tasks.o(i.prvResetNextTaskUnblockTime)
    i.prvTaskExitError                       0x08003380   Section        0  port.o(i.prvTaskExitError)
    prvTaskExitError                         0x08003381   Thumb Code    36  port.o(i.prvTaskExitError)
    i.pvPortMalloc                           0x080033a8   Section        0  heap_4.o(i.pvPortMalloc)
    i.pxPortInitialiseStack                  0x08003484   Section        0  port.o(i.pxPortInitialiseStack)
    i.read_key_mask                          0x080034a8   Section        0  input.o(i.read_key_mask)
    read_key_mask                            0x080034a9   Thumb Code   132  input.o(i.read_key_mask)
    i.soft_clip_12b                          0x08003530   Section        0  synth.o(i.soft_clip_12b)
    soft_clip_12b                            0x08003531   Thumb Code    38  synth.o(i.soft_clip_12b)
    i.synth_get_delay                        0x08003558   Section        0  synth.o(i.synth_get_delay)
    i.synth_get_sample                       0x08003564   Section        0  synth.o(i.synth_get_sample)
    i.synth_get_tremolo                      0x080036d0   Section        0  synth.o(i.synth_get_tremolo)
    i.synth_get_waveform                     0x080036dc   Section        0  synth.o(i.synth_get_waveform)
    i.synth_init                             0x080036e8   Section        0  synth.o(i.synth_init)
    i.synth_note_off_key                     0x08003734   Section        0  synth.o(i.synth_note_off_key)
    i.synth_note_on                          0x08003764   Section        0  synth.o(i.synth_note_on)
    i.synth_set_delay                        0x08003860   Section        0  synth.o(i.synth_set_delay)
    i.synth_set_tremolo                      0x08003888   Section        0  synth.o(i.synth_set_tremolo)
    i.synth_set_waveform                     0x08003898   Section        0  synth.o(i.synth_set_waveform)
    i.update_legacy_active_flag              0x080038b4   Section        0  synth.o(i.update_legacy_active_flag)
    update_legacy_active_flag                0x080038b5   Thumb Code    40  synth.o(i.update_legacy_active_flag)
    i.uxListRemove                           0x080038e0   Section        0  list.o(i.uxListRemove)
    i.vApplicationGetIdleTaskMemory          0x08003908   Section        0  freertos.o(i.vApplicationGetIdleTaskMemory)
    i.vListInitialise                        0x0800391c   Section        0  list.o(i.vListInitialise)
    i.vListInitialiseItem                    0x08003932   Section        0  list.o(i.vListInitialiseItem)
    i.vListInsert                            0x08003938   Section        0  list.o(i.vListInsert)
    i.vListInsertEnd                         0x08003968   Section        0  list.o(i.vListInsertEnd)
    i.vPortEnterCritical                     0x08003980   Section        0  port.o(i.vPortEnterCritical)
    i.vPortExitCritical                      0x080039c0   Section        0  port.o(i.vPortExitCritical)
    i.vPortFree                              0x080039e8   Section        0  heap_4.o(i.vPortFree)
    i.vPortSetupTimerInterrupt               0x08003a4c   Section        0  port.o(i.vPortSetupTimerInterrupt)
    i.vTaskDelay                             0x08003a70   Section        0  tasks.o(i.vTaskDelay)
    i.vTaskStartScheduler                    0x08003abc   Section        0  tasks.o(i.vTaskStartScheduler)
    i.vTaskSuspendAll                        0x08003b28   Section        0  tasks.o(i.vTaskSuspendAll)
    i.vTaskSwitchContext                     0x08003b38   Section        0  tasks.o(i.vTaskSwitchContext)
    i.xPortStartScheduler                    0x08003b94   Section        0  port.o(i.xPortStartScheduler)
    i.xTaskCreate                            0x08003c3c   Section        0  tasks.o(i.xTaskCreate)
    i.xTaskCreateStatic                      0x08003c96   Section        0  tasks.o(i.xTaskCreateStatic)
    i.xTaskIncrementTick                     0x08003cec   Section        0  tasks.o(i.xTaskIncrementTick)
    i.xTaskResumeAll                         0x08003db8   Section        0  tasks.o(i.xTaskResumeAll)
    x$fpl$fadd                               0x08003e7c   Section      196  faddsub_clz.o(x$fpl$fadd)
    _fadd1                                   0x08003e8b   Thumb Code     0  faddsub_clz.o(x$fpl$fadd)
    x$fpl$fcheck1                            0x08003f40   Section       12  fcheck1.o(x$fpl$fcheck1)
    x$fpl$fdiv                               0x08003f4c   Section      388  fdiv.o(x$fpl$fdiv)
    _fdiv1                                   0x08003f4d   Thumb Code     0  fdiv.o(x$fpl$fdiv)
    x$fpl$ffixr                              0x080040d0   Section       82  ffix.o(x$fpl$ffixr)
    x$fpl$ffixu                              0x08004124   Section       62  ffixu.o(x$fpl$ffixu)
    x$fpl$fflt                               0x08004164   Section       48  fflt_clz.o(x$fpl$fflt)
    x$fpl$ffltu                              0x08004194   Section       38  fflt_clz.o(x$fpl$ffltu)
    x$fpl$fmul                               0x080041bc   Section      258  fmul.o(x$fpl$fmul)
    x$fpl$fnaninf                            0x080042be   Section      140  fnaninf.o(x$fpl$fnaninf)
    x$fpl$fretinf                            0x0800434a   Section       10  fretinf.o(x$fpl$fretinf)
    x$fpl$frsb                               0x08004354   Section       20  faddsub_clz.o(x$fpl$frsb)
    x$fpl$fsub                               0x08004368   Section      234  faddsub_clz.o(x$fpl$fsub)
    _fsub1                                   0x08004377   Thumb Code     0  faddsub_clz.o(x$fpl$fsub)
    x$fpl$retnan                             0x08004452   Section      100  retnan.o(x$fpl$retnan)
    x$fpl$scalbnf                            0x080044b6   Section       76  scalbnf.o(x$fpl$scalbnf)
    x$fpl$trapveneer                         0x08004502   Section       48  trapv.o(x$fpl$trapveneer)
    x$fpl$usenofp                            0x08004532   Section        0  usenofp.o(x$fpl$usenofp)
    .constdata                               0x08004534   Section       28  freertos.o(.constdata)
    .constdata                               0x08004550   Section       18  stm32f1xx_hal_rcc.o(.constdata)
    aPredivFactorTable                       0x08004550   Data           2  stm32f1xx_hal_rcc.o(.constdata)
    aPLLMULFactorTable                       0x08004552   Data          16  stm32f1xx_hal_rcc.o(.constdata)
    .constdata                               0x08004562   Section       16  system_stm32f1xx.o(.constdata)
    .constdata                               0x08004572   Section        8  system_stm32f1xx.o(.constdata)
    .constdata                               0x0800457c   Section       26  synth.o(.constdata)
    wave_tables                              0x0800457c   Data          16  synth.o(.constdata)
    k_poly_gain_q10                          0x0800458c   Data          10  synth.o(.constdata)
    .constdata                               0x08004596   Section      512  wavetable.o(.constdata)
    .constdata                               0x08004796   Section      512  wavetable.o(.constdata)
    .constdata                               0x08004996   Section      512  wavetable.o(.constdata)
    .constdata                               0x08004b96   Section      512  wavetable.o(.constdata)
    .constdata                               0x08004d96   Section        8  input.o(.constdata)
    kNoteMap                                 0x08004d96   Data           8  input.o(.constdata)
    .constdata                               0x08004d9e   Section      170  oled_ui.o(.constdata)
    sp                                       0x08004d9e   Data           5  oled_ui.o(.constdata)
    co                                       0x08004da3   Data           5  oled_ui.o(.constdata)
    hy                                       0x08004da8   Data           5  oled_ui.o(.constdata)
    n0                                       0x08004dad   Data           5  oled_ui.o(.constdata)
    n1                                       0x08004db2   Data           5  oled_ui.o(.constdata)
    n2                                       0x08004db7   Data           5  oled_ui.o(.constdata)
    n3                                       0x08004dbc   Data           5  oled_ui.o(.constdata)
    n4                                       0x08004dc1   Data           5  oled_ui.o(.constdata)
    n5                                       0x08004dc6   Data           5  oled_ui.o(.constdata)
    n6                                       0x08004dcb   Data           5  oled_ui.o(.constdata)
    n7                                       0x08004dd0   Data           5  oled_ui.o(.constdata)
    n8                                       0x08004dd5   Data           5  oled_ui.o(.constdata)
    n9                                       0x08004dda   Data           5  oled_ui.o(.constdata)
    sh                                       0x08004ddf   Data           5  oled_ui.o(.constdata)
    A                                        0x08004de4   Data           5  oled_ui.o(.constdata)
    B                                        0x08004de9   Data           5  oled_ui.o(.constdata)
    C                                        0x08004dee   Data           5  oled_ui.o(.constdata)
    D                                        0x08004df3   Data           5  oled_ui.o(.constdata)
    E                                        0x08004df8   Data           5  oled_ui.o(.constdata)
    F                                        0x08004dfd   Data           5  oled_ui.o(.constdata)
    G                                        0x08004e02   Data           5  oled_ui.o(.constdata)
    I                                        0x08004e07   Data           5  oled_ui.o(.constdata)
    L                                        0x08004e0c   Data           5  oled_ui.o(.constdata)
    M                                        0x08004e11   Data           5  oled_ui.o(.constdata)
    N                                        0x08004e16   Data           5  oled_ui.o(.constdata)
    O                                        0x08004e1b   Data           5  oled_ui.o(.constdata)
    Q                                        0x08004e20   Data           5  oled_ui.o(.constdata)
    R                                        0x08004e25   Data           5  oled_ui.o(.constdata)
    S                                        0x08004e2a   Data           5  oled_ui.o(.constdata)
    T                                        0x08004e2f   Data           5  oled_ui.o(.constdata)
    U                                        0x08004e34   Data           5  oled_ui.o(.constdata)
    V                                        0x08004e39   Data           5  oled_ui.o(.constdata)
    W                                        0x08004e3e   Data           5  oled_ui.o(.constdata)
    Y                                        0x08004e43   Data           5  oled_ui.o(.constdata)
    .constdata                               0x08004e48   Section      320  powf.o(.constdata)
    table                                    0x08004e48   Data         128  powf.o(.constdata)
    powersof2to1over16top                    0x08004ec8   Data          64  powf.o(.constdata)
    powersof2to1over16bot                    0x08004f08   Data          64  powf.o(.constdata)
    powersof2to1over16all                    0x08004f48   Data          64  powf.o(.constdata)
    .conststring                             0x08004f88   Section       12  freertos.o(.conststring)
    .conststring                             0x08004f94   Section       46  oled_ui.o(.conststring)
    .data                                    0x20000000   Section        4  freertos.o(.data)
    .data                                    0x20000004   Section       12  stm32f1xx_hal.o(.data)
    .data                                    0x20000010   Section        4  system_stm32f1xx.o(.data)
    .data                                    0x20000014   Section       60  tasks.o(.data)
    uxDeletedTasksWaitingCleanUp             0x20000018   Data           4  tasks.o(.data)
    uxCurrentNumberOfTasks                   0x2000001c   Data           4  tasks.o(.data)
    xTickCount                               0x20000020   Data           4  tasks.o(.data)
    uxTopReadyPriority                       0x20000024   Data           4  tasks.o(.data)
    xSchedulerRunning                        0x20000028   Data           4  tasks.o(.data)
    xPendedTicks                             0x2000002c   Data           4  tasks.o(.data)
    xYieldPending                            0x20000030   Data           4  tasks.o(.data)
    xNumOfOverflows                          0x20000034   Data           4  tasks.o(.data)
    uxTaskNumber                             0x20000038   Data           4  tasks.o(.data)
    xNextTaskUnblockTime                     0x2000003c   Data           4  tasks.o(.data)
    xIdleTaskHandle                          0x20000040   Data           4  tasks.o(.data)
    uxSchedulerSuspended                     0x20000044   Data           4  tasks.o(.data)
    pxDelayedTaskList                        0x20000048   Data           4  tasks.o(.data)
    pxOverflowDelayedTaskList                0x2000004c   Data           4  tasks.o(.data)
    .data                                    0x20000050   Section       32  heap_4.o(.data)
    pxEnd                                    0x20000050   Data           4  heap_4.o(.data)
    xFreeBytesRemaining                      0x20000054   Data           4  heap_4.o(.data)
    xMinimumEverFreeBytesRemaining           0x20000058   Data           4  heap_4.o(.data)
    xNumberOfSuccessfulAllocations           0x2000005c   Data           4  heap_4.o(.data)
    xNumberOfSuccessfulFrees                 0x20000060   Data           4  heap_4.o(.data)
    xBlockAllocatedBit                       0x20000064   Data           4  heap_4.o(.data)
    xStart                                   0x20000068   Data           8  heap_4.o(.data)
    .data                                    0x20000070   Section       12  port.o(.data)
    ucMaxSysCallPriority                     0x20000070   Data           1  port.o(.data)
    uxCriticalNesting                        0x20000074   Data           4  port.o(.data)
    ulMaxPRIGROUPValue                       0x20000078   Data           4  port.o(.data)
    .data                                    0x2000007c   Section       24  synth.o(.data)
    current_wave_type                        0x2000007c   Data           1  synth.o(.data)
    s_tremolo_enabled                        0x2000007d   Data           1  synth.o(.data)
    s_delay_enabled                          0x2000007e   Data           1  synth.o(.data)
    s_delay_idx                              0x20000080   Data           2  synth.o(.data)
    s_voice_age                              0x20000084   Data           4  synth.o(.data)
    current_wave                             0x20000088   Data           4  synth.o(.data)
    s_tremolo_phase                          0x2000008c   Data           4  synth.o(.data)
    s_delay_lp                               0x20000090   Data           4  synth.o(.data)
    .data                                    0x20000094   Section       24  input.o(.data)
    s_last_note                              0x20000094   Data           1  input.o(.data)
    s_prev_key_mask                          0x20000095   Data           1  input.o(.data)
    s_pa0_prev                               0x20000096   Data           1  input.o(.data)
    s_pa1_prev                               0x20000097   Data           1  input.o(.data)
    s_pa0_candidate                          0x20000098   Data           1  input.o(.data)
    s_pa1_candidate                          0x20000099   Data           1  input.o(.data)
    s_combo_active                           0x2000009a   Data           1  input.o(.data)
    s_combo_done                             0x2000009b   Data           1  input.o(.data)
    s_midi_inited                            0x2000009c   Data           1  input.o(.data)
    s_midi_rx_head                           0x2000009d   Data           1  input.o(.data)
    s_midi_rx_tail                           0x2000009e   Data           1  input.o(.data)
    s_midi_running_status                    0x2000009f   Data           1  input.o(.data)
    s_midi_need                              0x200000a0   Data           1  input.o(.data)
    s_midi_pos                               0x200000a1   Data           1  input.o(.data)
    s_midi_data                              0x200000a2   Data           2  input.o(.data)
    s_combo_start_ms                         0x200000a4   Data           4  input.o(.data)
    s_midi_last_rx_ms                        0x200000a8   Data           4  input.o(.data)
    .data                                    0x200000ac   Section       76  oled_ui.o(.data)
    s_inited                                 0x200000ac   Data           1  oled_ui.o(.data)
    s_last_ms                                0x200000b0   Data           4  oled_ui.o(.data)
    s_last_trm                               0x200000b4   Data           4  oled_ui.o(.data)
    s_last_dly                               0x200000b8   Data           4  oled_ui.o(.data)
    s_last_midi                              0x200000bc   Data           4  oled_ui.o(.data)
    s_last_note                              0x200000c0   Data           8  oled_ui.o(.data)
    pc                                       0x200000c8   Data          48  oled_ui.o(.data)
    .bss                                     0x200000f8   Section      596  freertos.o(.bss)
    xIdleTaskTCBBuffer                       0x200000f8   Data          84  freertos.o(.bss)
    xIdleStack                               0x2000014c   Data         512  freertos.o(.bss)
    .bss                                     0x2000034c   Section       84  i2c.o(.bss)
    .bss                                     0x200003a0   Section      144  tim.o(.bss)
    .bss                                     0x20000430   Section       72  usart.o(.bss)
    .bss                                     0x20000478   Section       72  stm32f1xx_hal_timebase_tim.o(.bss)
    .bss                                     0x200004c0   Section      240  tasks.o(.bss)
    pxReadyTasksLists                        0x200004c0   Data         140  tasks.o(.bss)
    xDelayedTaskList1                        0x2000054c   Data          20  tasks.o(.bss)
    xDelayedTaskList2                        0x20000560   Data          20  tasks.o(.bss)
    xPendingReadyList                        0x20000574   Data          20  tasks.o(.bss)
    xTasksWaitingTermination                 0x20000588   Data          20  tasks.o(.bss)
    xSuspendedTaskList                       0x2000059c   Data          20  tasks.o(.bss)
    .bss                                     0x200005b0   Section     8192  heap_4.o(.bss)
    ucHeap                                   0x200005b0   Data        8192  heap_4.o(.bss)
    .bss                                     0x200025b0   Section     6708  synth.o(.bss)
    s_voices                                 0x200025bc   Data          80  synth.o(.bss)
    s_delay_buf                              0x2000260c   Data        6616  synth.o(.bss)
    .bss                                     0x20003fe4   Section       64  input.o(.bss)
    s_midi_rx_buf                            0x20003fe4   Data          64  input.o(.bss)
    .bss                                     0x20004024   Section       12  oled_ui.o(.bss)
    s_last_wave                              0x20004024   Data          12  oled_ui.o(.bss)
    .bss                                     0x20004030   Section       96  libspace.o(.bss)
    HEAP                                     0x20004090   Section      512  startup_stm32f103xb.o(HEAP)
    Heap_Mem                                 0x20004090   Data         512  startup_stm32f103xb.o(HEAP)
    STACK                                    0x20004290   Section     1024  startup_stm32f103xb.o(STACK)
    Stack_Mem                                0x20004290   Data        1024  startup_stm32f103xb.o(STACK)
    __initial_sp                             0x20004690   Data           0  startup_stm32f103xb.o(STACK)

    Global Symbols

    Symbol Name                              Value     Ov Type        Size  Object(Section)

    BuildAttributes$$THM_ISAv4$P$D$K$B$S$PE$A:L22UL41UL21$X:L11$S22US41US21$IEEE1$IW$USESV6$~STKCKD$USESV7$~SHL$OTIME$ROPI$IEEEX$EBA8$UX$STANDARDLIB$REQ8$PRES8$EABIv2 0x00000000   Number         0  anon$$obj.o ABSOLUTE
    __ARM_use_no_argv                        0x00000000   Number         0  main.o ABSOLUTE
    __ARM_exceptions_init                     - Undefined Weak Reference
    __alloca_initialize                       - Undefined Weak Reference
    __arm_fini_                               - Undefined Weak Reference
    __arm_preinit_                            - Undefined Weak Reference
    __cpp_initialize__aeabi_                  - Undefined Weak Reference
    __cxa_finalize                            - Undefined Weak Reference
    __rt_locale                               - Undefined Weak Reference
    __sigvec_lookup                           - Undefined Weak Reference
    _atexit_init                              - Undefined Weak Reference
    _call_atexit_fns                          - Undefined Weak Reference
    _clock_init                               - Undefined Weak Reference
    _fp_trap_init                             - Undefined Weak Reference
    _fp_trap_shutdown                         - Undefined Weak Reference
    _get_lc_collate                           - Undefined Weak Reference
    _get_lc_ctype                             - Undefined Weak Reference
    _get_lc_monetary                          - Undefined Weak Reference
    _get_lc_numeric                           - Undefined Weak Reference
    _get_lc_time                              - Undefined Weak Reference
    _getenv_init                              - Undefined Weak Reference
    _handle_redirection                       - Undefined Weak Reference
    _init_alloc                               - Undefined Weak Reference
    _init_user_alloc                          - Undefined Weak Reference
    _initio                                   - Undefined Weak Reference
    _rand_init                                - Undefined Weak Reference
    _signal_finish                            - Undefined Weak Reference
    _signal_init                              - Undefined Weak Reference
    _terminate_alloc                          - Undefined Weak Reference
    _terminate_user_alloc                     - Undefined Weak Reference
    _terminateio                              - Undefined Weak Reference
    __Vectors_Size                           0x000000ec   Number         0  startup_stm32f103xb.o ABSOLUTE
    __Vectors                                0x08000000   Data           4  startup_stm32f103xb.o(RESET)
    __Vectors_End                            0x080000ec   Data           0  startup_stm32f103xb.o(RESET)
    __main                                   0x080000ed   Thumb Code     8  __main.o(!!!main)
    __scatterload                            0x080000f5   Thumb Code     0  __scatter.o(!!!scatter)
    __scatterload_rt2                        0x080000f5   Thumb Code    44  __scatter.o(!!!scatter)
    __scatterload_rt2_thumb_only             0x080000f5   Thumb Code     0  __scatter.o(!!!scatter)
    __scatterload_null                       0x08000103   Thumb Code     0  __scatter.o(!!!scatter)
    __scatterload_copy                       0x08000129   Thumb Code    26  __scatter_copy.o(!!handler_copy)
    __scatterload_zeroinit                   0x08000145   Thumb Code    28  __scatter_zi.o(!!handler_zi)
    __rt_lib_init                            0x08000161   Thumb Code     0  libinit.o(.ARM.Collect$$libinit$$00000000)
    __rt_lib_init_alloca_1                   0x08000163   Thumb Code     0  libinit2.o(.ARM.Collect$$libinit$$0000002E)
    __rt_lib_init_argv_1                     0x08000163   Thumb Code     0  libinit2.o(.ARM.Collect$$libinit$$0000002C)
    __rt_lib_init_atexit_1                   0x08000163   Thumb Code     0  libinit2.o(.ARM.Collect$$libinit$$0000001B)
    __rt_lib_init_clock_1                    0x08000163   Thumb Code     0  libinit2.o(.ARM.Collect$$libinit$$00000021)
    __rt_lib_init_cpp_1                      0x08000163   Thumb Code     0  libinit2.o(.ARM.Collect$$libinit$$00000032)
    __rt_lib_init_exceptions_1               0x08000163   Thumb Code     0  libinit2.o(.ARM.Collect$$libinit$$00000030)
    __rt_lib_init_fp_1                       0x08000163   Thumb Code     0  libinit2.o(.ARM.Collect$$libinit$$00000002)
    __rt_lib_init_fp_trap_1                  0x08000163   Thumb Code     0  libinit2.o(.ARM.Collect$$libinit$$0000001F)
    __rt_lib_init_getenv_1                   0x08000163   Thumb Code     0  libinit2.o(.ARM.Collect$$libinit$$00000023)
    __rt_lib_init_heap_1                     0x08000163   Thumb Code     0  libinit2.o(.ARM.Collect$$libinit$$0000000A)
    __rt_lib_init_lc_collate_1               0x08000163   Thumb Code     0  libinit2.o(.ARM.Collect$$libinit$$00000011)
    __rt_lib_init_lc_ctype_1                 0x08000163   Thumb Code     0  libinit2.o(.ARM.Collect$$libinit$$00000013)
    __rt_lib_init_lc_monetary_1              0x08000163   Thumb Code     0  libinit2.o(.ARM.Collect$$libinit$$00000015)
    __rt_lib_init_lc_numeric_1               0x08000163   Thumb Code     0  libinit2.o(.ARM.Collect$$libinit$$00000017)
    __rt_lib_init_lc_time_1                  0x08000163   Thumb Code     0  libinit2.o(.ARM.Collect$$libinit$$00000019)
    __rt_lib_init_preinit_1                  0x08000163   Thumb Code     0  libinit2.o(.ARM.Collect$$libinit$$00000004)
    __rt_lib_init_rand_1                     0x08000163   Thumb Code     0  libinit2.o(.ARM.Collect$$libinit$$0000000E)
    __rt_lib_init_return                     0x08000163   Thumb Code     0  libinit2.o(.ARM.Collect$$libinit$$00000033)
    __rt_lib_init_signal_1                   0x08000163   Thumb Code     0  libinit2.o(.ARM.Collect$$libinit$$0000001D)
    __rt_lib_init_stdio_1                    0x08000163   Thumb Code     0  libinit2.o(.ARM.Collect$$libinit$$00000025)
    __rt_lib_init_user_alloc_1               0x08000163   Thumb Code     0  libinit2.o(.ARM.Collect$$libinit$$0000000C)
    __rt_lib_shutdown                        0x08000165   Thumb Code     0  libshutdown.o(.ARM.Collect$$libshutdown$$00000000)
    __rt_lib_shutdown_cpp_1                  0x08000167   Thumb Code     0  libshutdown2.o(.ARM.Collect$$libshutdown$$00000004)
    __rt_lib_shutdown_fini_1                 0x08000167   Thumb Code     0  libshutdown2.o(.ARM.Collect$$libshutdown$$00000002)
    __rt_lib_shutdown_fp_trap_1              0x08000167   Thumb Code     0  libshutdown2.o(.ARM.Collect$$libshutdown$$00000009)
    __rt_lib_shutdown_heap_1                 0x08000167   Thumb Code     0  libshutdown2.o(.ARM.Collect$$libshutdown$$00000011)
    __rt_lib_shutdown_return                 0x08000167   Thumb Code     0  libshutdown2.o(.ARM.Collect$$libshutdown$$00000012)
    __rt_lib_shutdown_signal_1               0x08000167   Thumb Code     0  libshutdown2.o(.ARM.Collect$$libshutdown$$0000000C)
    __rt_lib_shutdown_stdio_1                0x08000167   Thumb Code     0  libshutdown2.o(.ARM.Collect$$libshutdown$$00000006)
    __rt_lib_shutdown_user_alloc_1           0x08000167   Thumb Code     0  libshutdown2.o(.ARM.Collect$$libshutdown$$0000000E)
    __rt_entry                               0x08000169   Thumb Code     0  __rtentry.o(.ARM.Collect$$rtentry$$00000000)
    __rt_entry_presh_1                       0x08000169   Thumb Code     0  __rtentry2.o(.ARM.Collect$$rtentry$$00000002)
    __rt_entry_sh                            0x08000169   Thumb Code     0  __rtentry4.o(.ARM.Collect$$rtentry$$00000004)
    __rt_entry_li                            0x0800016f   Thumb Code     0  __rtentry2.o(.ARM.Collect$$rtentry$$0000000A)
    __rt_entry_postsh_1                      0x0800016f   Thumb Code     0  __rtentry2.o(.ARM.Collect$$rtentry$$00000009)
    __rt_entry_main                          0x08000173   Thumb Code     0  __rtentry2.o(.ARM.Collect$$rtentry$$0000000D)
    __rt_entry_postli_1                      0x08000173   Thumb Code     0  __rtentry2.o(.ARM.Collect$$rtentry$$0000000C)
    __rt_exit                                0x0800017b   Thumb Code     0  rtexit.o(.ARM.Collect$$rtexit$$00000000)
    __rt_exit_ls                             0x0800017d   Thumb Code     0  rtexit2.o(.ARM.Collect$$rtexit$$00000003)
    __rt_exit_prels_1                        0x0800017d   Thumb Code     0  rtexit2.o(.ARM.Collect$$rtexit$$00000002)
    __rt_exit_exit                           0x08000181   Thumb Code     0  rtexit2.o(.ARM.Collect$$rtexit$$00000004)
    SVC_Handler                              0x08000189   Thumb Code    32  port.o(.emb_text)
    __asm___6_port_c_39a90d8d__prvStartFirstTask 0x080001ad   Thumb Code    28  port.o(.emb_text)
    PendSV_Handler                           0x080001cd   Thumb Code    72  port.o(.emb_text)
    vPortGetIPSR                             0x08000219   Thumb Code     6  port.o(.emb_text)
    Reset_Handler                            0x08000221   Thumb Code     8  startup_stm32f103xb.o(.text)
    ADC1_2_IRQHandler                        0x0800023b   Thumb Code     0  startup_stm32f103xb.o(.text)
    CAN1_RX1_IRQHandler                      0x0800023b   Thumb Code     0  startup_stm32f103xb.o(.text)
    CAN1_SCE_IRQHandler                      0x0800023b   Thumb Code     0  startup_stm32f103xb.o(.text)
    DMA1_Channel1_IRQHandler                 0x0800023b   Thumb Code     0  startup_stm32f103xb.o(.text)
    DMA1_Channel2_IRQHandler                 0x0800023b   Thumb Code     0  startup_stm32f103xb.o(.text)
    DMA1_Channel3_IRQHandler                 0x0800023b   Thumb Code     0  startup_stm32f103xb.o(.text)
    DMA1_Channel4_IRQHandler                 0x0800023b   Thumb Code     0  startup_stm32f103xb.o(.text)
    DMA1_Channel5_IRQHandler                 0x0800023b   Thumb Code     0  startup_stm32f103xb.o(.text)
    DMA1_Channel6_IRQHandler                 0x0800023b   Thumb Code     0  startup_stm32f103xb.o(.text)
    DMA1_Channel7_IRQHandler                 0x0800023b   Thumb Code     0  startup_stm32f103xb.o(.text)
    EXTI0_IRQHandler                         0x0800023b   Thumb Code     0  startup_stm32f103xb.o(.text)
    EXTI15_10_IRQHandler                     0x0800023b   Thumb Code     0  startup_stm32f103xb.o(.text)
    EXTI1_IRQHandler                         0x0800023b   Thumb Code     0  startup_stm32f103xb.o(.text)
    EXTI2_IRQHandler                         0x0800023b   Thumb Code     0  startup_stm32f103xb.o(.text)
    EXTI3_IRQHandler                         0x0800023b   Thumb Code     0  startup_stm32f103xb.o(.text)
    EXTI4_IRQHandler                         0x0800023b   Thumb Code     0  startup_stm32f103xb.o(.text)
    EXTI9_5_IRQHandler                       0x0800023b   Thumb Code     0  startup_stm32f103xb.o(.text)
    FLASH_IRQHandler                         0x0800023b   Thumb Code     0  startup_stm32f103xb.o(.text)
    I2C1_ER_IRQHandler                       0x0800023b   Thumb Code     0  startup_stm32f103xb.o(.text)
    I2C1_EV_IRQHandler                       0x0800023b   Thumb Code     0  startup_stm32f103xb.o(.text)
    I2C2_ER_IRQHandler                       0x0800023b   Thumb Code     0  startup_stm32f103xb.o(.text)
    I2C2_EV_IRQHandler                       0x0800023b   Thumb Code     0  startup_stm32f103xb.o(.text)
    PVD_IRQHandler                           0x0800023b   Thumb Code     0  startup_stm32f103xb.o(.text)
    RCC_IRQHandler                           0x0800023b   Thumb Code     0  startup_stm32f103xb.o(.text)
    RTC_Alarm_IRQHandler                     0x0800023b   Thumb Code     0  startup_stm32f103xb.o(.text)
    RTC_IRQHandler                           0x0800023b   Thumb Code     0  startup_stm32f103xb.o(.text)
    SPI1_IRQHandler                          0x0800023b   Thumb Code     0  startup_stm32f103xb.o(.text)
    SPI2_IRQHandler                          0x0800023b   Thumb Code     0  startup_stm32f103xb.o(.text)
    TAMPER_IRQHandler                        0x0800023b   Thumb Code     0  startup_stm32f103xb.o(.text)
    TIM1_BRK_IRQHandler                      0x0800023b   Thumb Code     0  startup_stm32f103xb.o(.text)
    TIM1_CC_IRQHandler                       0x0800023b   Thumb Code     0  startup_stm32f103xb.o(.text)
    TIM1_TRG_COM_IRQHandler                  0x0800023b   Thumb Code     0  startup_stm32f103xb.o(.text)
    TIM1_UP_IRQHandler                       0x0800023b   Thumb Code     0  startup_stm32f103xb.o(.text)
    TIM3_IRQHandler                          0x0800023b   Thumb Code     0  startup_stm32f103xb.o(.text)
    USART2_IRQHandler                        0x0800023b   Thumb Code     0  startup_stm32f103xb.o(.text)
    USART3_IRQHandler                        0x0800023b   Thumb Code     0  startup_stm32f103xb.o(.text)
    USBWakeUp_IRQHandler                     0x0800023b   Thumb Code     0  startup_stm32f103xb.o(.text)
    USB_HP_CAN1_TX_IRQHandler                0x0800023b   Thumb Code     0  startup_stm32f103xb.o(.text)
    USB_LP_CAN1_RX0_IRQHandler               0x0800023b   Thumb Code     0  startup_stm32f103xb.o(.text)
    WWDG_IRQHandler                          0x0800023b   Thumb Code     0  startup_stm32f103xb.o(.text)
    __user_initial_stackheap                 0x0800023d   Thumb Code     0  startup_stm32f103xb.o(.text)
    strcpy                                   0x08000261   Thumb Code    72  strcpy.o(.text)
    __aeabi_memcpy                           0x080002a9   Thumb Code     0  rt_memcpy_v6.o(.text)
    __rt_memcpy                              0x080002a9   Thumb Code   138  rt_memcpy_v6.o(.text)
    _memcpy_lastbytes                        0x0800030f   Thumb Code     0  rt_memcpy_v6.o(.text)
    __aeabi_memcpy4                          0x08000333   Thumb Code     0  rt_memcpy_w.o(.text)
    __aeabi_memcpy8                          0x08000333   Thumb Code     0  rt_memcpy_w.o(.text)
    __rt_memcpy_w                            0x08000333   Thumb Code   100  rt_memcpy_w.o(.text)
    _memcpy_lastbytes_aligned                0x0800037b   Thumb Code     0  rt_memcpy_w.o(.text)
    __aeabi_memclr                           0x08000397   Thumb Code     0  rt_memclr.o(.text)
    __rt_memclr                              0x08000397   Thumb Code    68  rt_memclr.o(.text)
    _memset                                  0x0800039b   Thumb Code     0  rt_memclr.o(.text)
    __aeabi_memclr4                          0x080003db   Thumb Code     0  rt_memclr_w.o(.text)
    __aeabi_memclr8                          0x080003db   Thumb Code     0  rt_memclr_w.o(.text)
    __rt_memclr_w                            0x080003db   Thumb Code    78  rt_memclr_w.o(.text)
    _memset_w                                0x080003df   Thumb Code     0  rt_memclr_w.o(.text)
    strcmp                                   0x08000429   Thumb Code   128  strcmpv7m.o(.text)
    __use_two_region_memory                  0x080004a9   Thumb Code     2  heapauxi.o(.text)
    __rt_heap_escrow$2region                 0x080004ab   Thumb Code     2  heapauxi.o(.text)
    __rt_heap_expand$2region                 0x080004ad   Thumb Code     2  heapauxi.o(.text)
    __read_errno                             0x080004af   Thumb Code    10  _rserrno.o(.text)
    __set_errno                              0x080004b9   Thumb Code    12  _rserrno.o(.text)
    __aeabi_errno_addr                       0x080004c5   Thumb Code     8  rt_errno_addr_intlibspace.o(.text)
    __errno$intlibspace                      0x080004c5   Thumb Code     0  rt_errno_addr_intlibspace.o(.text)
    __rt_errno_addr$intlibspace              0x080004c5   Thumb Code     0  rt_errno_addr_intlibspace.o(.text)
    __user_libspace                          0x080004cd   Thumb Code     8  libspace.o(.text)
    __user_perproc_libspace                  0x080004cd   Thumb Code     0  libspace.o(.text)
    __user_perthread_libspace                0x080004cd   Thumb Code     0  libspace.o(.text)
    __user_setup_stackheap                   0x080004d5   Thumb Code    74  sys_stackheap_outer.o(.text)
    exit                                     0x0800051f   Thumb Code    18  exit.o(.text)
    _sys_exit                                0x08000531   Thumb Code     8  sys_exit.o(.text)
    __I$use$semihosting                      0x0800053d   Thumb Code     0  use_no_semi.o(.text)
    __use_no_semihosting_swi                 0x0800053d   Thumb Code     2  use_no_semi.o(.text)
    BusFault_Handler                         0x0800053f   Thumb Code     2  stm32f1xx_it.o(i.BusFault_Handler)
    __semihosting_library_function           0x0800053f   Thumb Code     0  indicate_semi.o(.text)
    DebugMon_Handler                         0x08000541   Thumb Code     2  stm32f1xx_it.o(i.DebugMon_Handler)
    Error_Handler                            0x08000543   Thumb Code     4  main.o(i.Error_Handler)
    HAL_Delay                                0x08000549   Thumb Code    32  stm32f1xx_hal.o(i.HAL_Delay)
    HAL_GPIO_Init                            0x0800056d   Thumb Code   446  stm32f1xx_hal_gpio.o(i.HAL_GPIO_Init)
    HAL_GPIO_ReadPin                         0x0800074d   Thumb Code    10  stm32f1xx_hal_gpio.o(i.HAL_GPIO_ReadPin)
    HAL_GetTick                              0x08000759   Thumb Code     6  stm32f1xx_hal.o(i.HAL_GetTick)
    HAL_I2C_Init                             0x08000765   Thumb Code   376  stm32f1xx_hal_i2c.o(i.HAL_I2C_Init)
    HAL_I2C_Master_Transmit                  0x080008ed   Thumb Code   290  stm32f1xx_hal_i2c.o(i.HAL_I2C_Master_Transmit)
    HAL_I2C_MspInit                          0x08000a19   Thumb Code    80  i2c.o(i.HAL_I2C_MspInit)
    HAL_IncTick                              0x08000a75   Thumb Code    12  stm32f1xx_hal.o(i.HAL_IncTick)
    HAL_Init                                 0x08000a85   Thumb Code    32  stm32f1xx_hal.o(i.HAL_Init)
    HAL_InitTick                             0x08000aa9   Thumb Code   132  stm32f1xx_hal_timebase_tim.o(i.HAL_InitTick)
    HAL_MspInit                              0x08000b41   Thumb Code    62  stm32f1xx_hal_msp.o(i.HAL_MspInit)
    HAL_NVIC_EnableIRQ                       0x08000b89   Thumb Code    26  stm32f1xx_hal_cortex.o(i.HAL_NVIC_EnableIRQ)
    HAL_NVIC_SetPriority                     0x08000ba5   Thumb Code    60  stm32f1xx_hal_cortex.o(i.HAL_NVIC_SetPriority)
    HAL_NVIC_SetPriorityGrouping             0x08000be5   Thumb Code    26  stm32f1xx_hal_cortex.o(i.HAL_NVIC_SetPriorityGrouping)
    HAL_RCC_ClockConfig                      0x08000c09   Thumb Code   280  stm32f1xx_hal_rcc.o(i.HAL_RCC_ClockConfig)
    HAL_RCC_GetClockConfig                   0x08000d35   Thumb Code    54  stm32f1xx_hal_rcc.o(i.HAL_RCC_GetClockConfig)
    HAL_RCC_GetPCLK1Freq                     0x08000d75   Thumb Code    20  stm32f1xx_hal_rcc.o(i.HAL_RCC_GetPCLK1Freq)
    HAL_RCC_GetPCLK2Freq                     0x08000d95   Thumb Code    20  stm32f1xx_hal_rcc.o(i.HAL_RCC_GetPCLK2Freq)
    HAL_RCC_GetSysClockFreq                  0x08000db5   Thumb Code    58  stm32f1xx_hal_rcc.o(i.HAL_RCC_GetSysClockFreq)
    HAL_RCC_OscConfig                        0x08000e01   Thumb Code   778  stm32f1xx_hal_rcc.o(i.HAL_RCC_OscConfig)
    HAL_TIMEx_BreakCallback                  0x08001121   Thumb Code     2  stm32f1xx_hal_tim_ex.o(i.HAL_TIMEx_BreakCallback)
    HAL_TIMEx_CommutCallback                 0x08001123   Thumb Code     2  stm32f1xx_hal_tim_ex.o(i.HAL_TIMEx_CommutCallback)
    HAL_TIMEx_MasterConfigSynchronization    0x08001125   Thumb Code    92  stm32f1xx_hal_tim_ex.o(i.HAL_TIMEx_MasterConfigSynchronization)
    HAL_TIM_Base_Init                        0x0800118d   Thumb Code    90  stm32f1xx_hal_tim.o(i.HAL_TIM_Base_Init)
    HAL_TIM_Base_MspInit                     0x080011e9   Thumb Code    72  tim.o(i.HAL_TIM_Base_MspInit)
    HAL_TIM_Base_Start_IT                    0x08001239   Thumb Code    76  stm32f1xx_hal_tim.o(i.HAL_TIM_Base_Start_IT)
    HAL_TIM_ConfigClockSource                0x08001291   Thumb Code   220  stm32f1xx_hal_tim.o(i.HAL_TIM_ConfigClockSource)
    HAL_TIM_IC_CaptureCallback               0x0800136d   Thumb Code     2  stm32f1xx_hal_tim.o(i.HAL_TIM_IC_CaptureCallback)
    HAL_TIM_IRQHandler                       0x0800136f   Thumb Code   304  stm32f1xx_hal_tim.o(i.HAL_TIM_IRQHandler)
    HAL_TIM_MspPostInit                      0x080014a1   Thumb Code    62  tim.o(i.HAL_TIM_MspPostInit)
    HAL_TIM_OC_DelayElapsedCallback          0x080014ed   Thumb Code     2  stm32f1xx_hal_tim.o(i.HAL_TIM_OC_DelayElapsedCallback)
    HAL_TIM_PWM_ConfigChannel                0x080014ef   Thumb Code   204  stm32f1xx_hal_tim.o(i.HAL_TIM_PWM_ConfigChannel)
    HAL_TIM_PWM_Init                         0x080015bb   Thumb Code    90  stm32f1xx_hal_tim.o(i.HAL_TIM_PWM_Init)
    HAL_TIM_PWM_MspInit                      0x08001615   Thumb Code     2  stm32f1xx_hal_tim.o(i.HAL_TIM_PWM_MspInit)
    HAL_TIM_PWM_PulseFinishedCallback        0x08001617   Thumb Code     2  stm32f1xx_hal_tim.o(i.HAL_TIM_PWM_PulseFinishedCallback)
    HAL_TIM_PWM_Start                        0x08001619   Thumb Code   144  stm32f1xx_hal_tim.o(i.HAL_TIM_PWM_Start)
    HAL_TIM_PeriodElapsedCallback            0x080016b5   Thumb Code    14  main.o(i.HAL_TIM_PeriodElapsedCallback)
    HAL_TIM_TriggerCallback                  0x080016c9   Thumb Code     2  stm32f1xx_hal_tim.o(i.HAL_TIM_TriggerCallback)
    HAL_UART_Init                            0x080016cb   Thumb Code   100  stm32f1xx_hal_uart.o(i.HAL_UART_Init)
    HAL_UART_MspInit                         0x08001731   Thumb Code   116  usart.o(i.HAL_UART_MspInit)
    HardFault_Handler                        0x080017b1   Thumb Code     2  stm32f1xx_it.o(i.HardFault_Handler)
    MX_FREERTOS_Init                         0x08001a79   Thumb Code    30  freertos.o(i.MX_FREERTOS_Init)
    MX_GPIO_Init                             0x08001aa1   Thumb Code    96  gpio.o(i.MX_GPIO_Init)
    MX_I2C1_Init                             0x08001b0d   Thumb Code    50  i2c.o(i.MX_I2C1_Init)
    MX_TIM2_Init                             0x08001b4d   Thumb Code    96  tim.o(i.MX_TIM2_Init)
    MX_TIM3_Init                             0x08001bb1   Thumb Code   144  tim.o(i.MX_TIM3_Init)
    MX_USART1_UART_Init                      0x08001c49   Thumb Code    48  usart.o(i.MX_USART1_UART_Init)
    MemManage_Handler                        0x08001c81   Thumb Code     2  stm32f1xx_it.o(i.MemManage_Handler)
    NMI_Handler                              0x08001c83   Thumb Code     2  stm32f1xx_it.o(i.NMI_Handler)
    StartDefaultTask                         0x08001c85   Thumb Code    16  freertos.o(i.StartDefaultTask)
    SysTick_Handler                          0x08001c95   Thumb Code    38  port.o(i.SysTick_Handler)
    SystemClock_Config                       0x08001cc1   Thumb Code    94  main.o(i.SystemClock_Config)
    SystemInit                               0x08001d1f   Thumb Code     2  system_stm32f1xx.o(i.SystemInit)
    TIM2_IRQHandler                          0x08001d21   Thumb Code    38  stm32f1xx_it.o(i.TIM2_IRQHandler)
    TIM4_IRQHandler                          0x08001d51   Thumb Code     6  stm32f1xx_it.o(i.TIM4_IRQHandler)
    TIM_Base_SetConfig                       0x08001d5d   Thumb Code   108  stm32f1xx_hal_tim.o(i.TIM_Base_SetConfig)
    TIM_CCxChannelCmd                        0x08001dd5   Thumb Code    26  stm32f1xx_hal_tim.o(i.TIM_CCxChannelCmd)
    TIM_ETR_SetConfig                        0x08001def   Thumb Code    20  stm32f1xx_hal_tim.o(i.TIM_ETR_SetConfig)
    TIM_OC2_SetConfig                        0x08001e65   Thumb Code    84  stm32f1xx_hal_tim.o(i.TIM_OC2_SetConfig)
    USART1_IRQHandler                        0x08002059   Thumb Code     4  stm32f1xx_it.o(i.USART1_IRQHandler)
    UsageFault_Handler                       0x0800205d   Thumb Code     2  stm32f1xx_it.o(i.UsageFault_Handler)
    __ARM_fpclassifyf                        0x0800205f   Thumb Code    38  fpclassifyf.o(i.__ARM_fpclassifyf)
    __mathlib_flt_divzero                    0x080020a5   Thumb Code    10  funder.o(i.__mathlib_flt_divzero)
    __mathlib_flt_infnan2                    0x080020af   Thumb Code     4  funder.o(i.__mathlib_flt_infnan2)
    __mathlib_flt_invalid                    0x080020b3   Thumb Code     8  funder.o(i.__mathlib_flt_invalid)
    __mathlib_flt_overflow                   0x080020bb   Thumb Code    10  funder.o(i.__mathlib_flt_overflow)
    __mathlib_flt_underflow                  0x080020c5   Thumb Code    10  funder.o(i.__mathlib_flt_underflow)
    input_get_current_note                   0x08002359   Thumb Code     6  input.o(i.input_get_current_note)
    input_get_midi_active                    0x08002365   Thumb Code    32  input.o(i.input_get_midi_active)
    input_init                               0x08002389   Thumb Code    44  input.o(i.input_init)
    input_midi_irq_handler                   0x080023bd   Thumb Code    52  input.o(i.input_midi_irq_handler)
    input_task_step                          0x080023fd   Thumb Code    46  input.o(i.input_task_step)
    main                                     0x08002435   Thumb Code    70  main.o(i.main)
    oled_ui_init                             0x0800265d   Thumb Code   280  oled_ui.o(i.oled_ui_init)
    oled_ui_task_step                        0x080027a1   Thumb Code   380  oled_ui.o(i.oled_ui_task_step)
    osDelay                                  0x080029d1   Thumb Code    14  cmsis_os.o(i.osDelay)
    osKernelStart                            0x080029df   Thumb Code    10  cmsis_os.o(i.osKernelStart)
    osThreadCreate                           0x080029e9   Thumb Code    84  cmsis_os.o(i.osThreadCreate)
    __mathlib_powf                           0x08002a3d   Thumb Code     0  powf.o(i.powf)
    powf                                     0x08002a3d   Thumb Code  1548  powf.o(i.powf)
    pvPortMalloc                             0x080033a9   Thumb Code   216  heap_4.o(i.pvPortMalloc)
    pxPortInitialiseStack                    0x08003485   Thumb Code    32  port.o(i.pxPortInitialiseStack)
    synth_get_delay                          0x08003559   Thumb Code     6  synth.o(i.synth_get_delay)
    synth_get_sample                         0x08003565   Thumb Code   338  synth.o(i.synth_get_sample)
    synth_get_tremolo                        0x080036d1   Thumb Code     6  synth.o(i.synth_get_tremolo)
    synth_get_waveform                       0x080036dd   Thumb Code     6  synth.o(i.synth_get_waveform)
    synth_init                               0x080036e9   Thumb Code    62  synth.o(i.synth_init)
    synth_note_off_key                       0x08003735   Thumb Code    42  synth.o(i.synth_note_off_key)
    synth_note_on                            0x08003765   Thumb Code   242  synth.o(i.synth_note_on)
    synth_set_delay                          0x08003861   Thumb Code    32  synth.o(i.synth_set_delay)
    synth_set_tremolo                        0x08003889   Thumb Code    10  synth.o(i.synth_set_tremolo)
    synth_set_waveform                       0x08003899   Thumb Code    18  synth.o(i.synth_set_waveform)
    uxListRemove                             0x080038e1   Thumb Code    38  list.o(i.uxListRemove)
    vApplicationGetIdleTaskMemory            0x08003909   Thumb Code    16  freertos.o(i.vApplicationGetIdleTaskMemory)
    vListInitialise                          0x0800391d   Thumb Code    22  list.o(i.vListInitialise)
    vListInitialiseItem                      0x08003933   Thumb Code     6  list.o(i.vListInitialiseItem)
    vListInsert                              0x08003939   Thumb Code    48  list.o(i.vListInsert)
    vListInsertEnd                           0x08003969   Thumb Code    24  list.o(i.vListInsertEnd)
    vPortEnterCritical                       0x08003981   Thumb Code    54  port.o(i.vPortEnterCritical)
    vPortExitCritical                        0x080039c1   Thumb Code    34  port.o(i.vPortExitCritical)
    vPortFree                                0x080039e9   Thumb Code    94  heap_4.o(i.vPortFree)
    vPortSetupTimerInterrupt                 0x08003a4d   Thumb Code    32  port.o(i.vPortSetupTimerInterrupt)
    vTaskDelay                               0x08003a71   Thumb Code    66  tasks.o(i.vTaskDelay)
    vTaskStartScheduler                      0x08003abd   Thumb Code    90  tasks.o(i.vTaskStartScheduler)
    vTaskSuspendAll                          0x08003b29   Thumb Code    10  tasks.o(i.vTaskSuspendAll)
    vTaskSwitchContext                       0x08003b39   Thumb Code    82  tasks.o(i.vTaskSwitchContext)
    xPortStartScheduler                      0x08003b95   Thumb Code   154  port.o(i.xPortStartScheduler)
    xTaskCreate                              0x08003c3d   Thumb Code    90  tasks.o(i.xTaskCreate)
    xTaskCreateStatic                        0x08003c97   Thumb Code    86  tasks.o(i.xTaskCreateStatic)
    xTaskIncrementTick                       0x08003ced   Thumb Code   194  tasks.o(i.xTaskIncrementTick)
    xTaskResumeAll                           0x08003db9   Thumb Code   182  tasks.o(i.xTaskResumeAll)
    __aeabi_fadd                             0x08003e7d   Thumb Code     0  faddsub_clz.o(x$fpl$fadd)
    _fadd                                    0x08003e7d   Thumb Code   196  faddsub_clz.o(x$fpl$fadd)
    __fpl_fcheck_NaN1                        0x08003f41   Thumb Code     6  fcheck1.o(x$fpl$fcheck1)
    __aeabi_fdiv                             0x08003f4d   Thumb Code     0  fdiv.o(x$fpl$fdiv)
    _fdiv                                    0x08003f4d   Thumb Code   384  fdiv.o(x$fpl$fdiv)
    _ffix_r                                  0x080040d1   Thumb Code    82  ffix.o(x$fpl$ffixr)
    __aeabi_f2uiz                            0x08004125   Thumb Code     0  ffixu.o(x$fpl$ffixu)
    _ffixu                                   0x08004125   Thumb Code    62  ffixu.o(x$fpl$ffixu)
    __aeabi_i2f                              0x08004165   Thumb Code     0  fflt_clz.o(x$fpl$fflt)
    _fflt                                    0x08004165   Thumb Code    48  fflt_clz.o(x$fpl$fflt)
    __aeabi_ui2f                             0x08004195   Thumb Code     0  fflt_clz.o(x$fpl$ffltu)
    _ffltu                                   0x08004195   Thumb Code    38  fflt_clz.o(x$fpl$ffltu)
    __aeabi_fmul                             0x080041bd   Thumb Code     0  fmul.o(x$fpl$fmul)
    _fmul                                    0x080041bd   Thumb Code   258  fmul.o(x$fpl$fmul)
    __fpl_fnaninf                            0x080042bf   Thumb Code   140  fnaninf.o(x$fpl$fnaninf)
    __fpl_fretinf                            0x0800434b   Thumb Code    10  fretinf.o(x$fpl$fretinf)
    __aeabi_frsub                            0x08004355   Thumb Code     0  faddsub_clz.o(x$fpl$frsb)
    _frsb                                    0x08004355   Thumb Code    20  faddsub_clz.o(x$fpl$frsb)
    __aeabi_fsub                             0x08004369   Thumb Code     0  faddsub_clz.o(x$fpl$fsub)
    _fsub                                    0x08004369   Thumb Code   234  faddsub_clz.o(x$fpl$fsub)
    __fpl_return_NaN                         0x08004453   Thumb Code   100  retnan.o(x$fpl$retnan)
    __ARM_scalbnf                            0x080044b7   Thumb Code    76  scalbnf.o(x$fpl$scalbnf)
    __fpl_cmpreturn                          0x08004503   Thumb Code    48  trapv.o(x$fpl$trapveneer)
    __I$use$fp                               0x08004532   Number         0  usenofp.o(x$fpl$usenofp)
    AHBPrescTable                            0x08004562   Data          16  system_stm32f1xx.o(.constdata)
    APBPrescTable                            0x08004572   Data           8  system_stm32f1xx.o(.constdata)
    sine_table                               0x08004596   Data         512  wavetable.o(.constdata)
    square_table                             0x08004796   Data         512  wavetable.o(.constdata)
    saw_table                                0x08004996   Data         512  wavetable.o(.constdata)
    triangle_table                           0x08004b96   Data         512  wavetable.o(.constdata)
    Region$$Table$$Base                      0x08004fc4   Number         0  anon$$obj.o(Region$$Table)
    Region$$Table$$Limit                     0x08004fe4   Number         0  anon$$obj.o(Region$$Table)
    defaultTaskHandle                        0x20000000   Data           4  freertos.o(.data)
    uwTickFreq                               0x20000004   Data           1  stm32f1xx_hal.o(.data)
    uwTickPrio                               0x20000008   Data           4  stm32f1xx_hal.o(.data)
    uwTick                                   0x2000000c   Data           4  stm32f1xx_hal.o(.data)
    SystemCoreClock                          0x20000010   Data           4  system_stm32f1xx.o(.data)
    pxCurrentTCB                             0x20000014   Data           4  tasks.o(.data)
    hi2c1                                    0x2000034c   Data          84  i2c.o(.bss)
    htim2                                    0x200003a0   Data          72  tim.o(.bss)
    htim3                                    0x200003e8   Data          72  tim.o(.bss)
    huart1                                   0x20000430   Data          72  usart.o(.bss)
    htim4                                    0x20000478   Data          72  stm32f1xx_hal_timebase_tim.o(.bss)
    osc                                      0x200025b0   Data          12  synth.o(.bss)
    __libspace_start                         0x20004030   Data          96  libspace.o(.bss)
    __temporary_stack_top$libspace           0x20004090   Data           0  libspace.o(.bss)



==============================================================================

Memory Map of the image

  Image Entry point : 0x080000ed

  Load Region LR_IROM1 (Base: 0x08000000, Size: 0x000050dc, Max: 0x00010000, ABSOLUTE)

    Execution Region ER_IROM1 (Exec base: 0x08000000, Load base: 0x08000000, Size: 0x00004fe4, Max: 0x00010000, ABSOLUTE)

    Exec Addr    Load Addr    Size         Type   Attr      Idx    E Section Name        Object

    0x08000000   0x08000000   0x000000ec   Data   RO            3    RESET               startup_stm32f103xb.o
    0x080000ec   0x080000ec   0x00000008   Code   RO         4986  * !!!main             c_w.l(__main.o)
    0x080000f4   0x080000f4   0x00000034   Code   RO         5219    !!!scatter          c_w.l(__scatter.o)
    0x08000128   0x08000128   0x0000001a   Code   RO         5221    !!handler_copy      c_w.l(__scatter_copy.o)
    0x08000142   0x08000142   0x00000002   PAD
    0x08000144   0x08000144   0x0000001c   Code   RO         5223    !!handler_zi        c_w.l(__scatter_zi.o)
    0x08000160   0x08000160   0x00000002   Code   RO         5088    .ARM.Collect$$libinit$$00000000  c_w.l(libinit.o)
    0x08000162   0x08000162   0x00000000   Code   RO         5094    .ARM.Collect$$libinit$$00000002  c_w.l(libinit2.o)
    0x08000162   0x08000162   0x00000000   Code   RO         5096    .ARM.Collect$$libinit$$00000004  c_w.l(libinit2.o)
    0x08000162   0x08000162   0x00000000   Code   RO         5099    .ARM.Collect$$libinit$$0000000A  c_w.l(libinit2.o)
    0x08000162   0x08000162   0x00000000   Code   RO         5101    .ARM.Collect$$libinit$$0000000C  c_w.l(libinit2.o)
    0x08000162   0x08000162   0x00000000   Code   RO         5103    .ARM.Collect$$libinit$$0000000E  c_w.l(libinit2.o)
    0x08000162   0x08000162   0x00000000   Code   RO         5106    .ARM.Collect$$libinit$$00000011  c_w.l(libinit2.o)
    0x08000162   0x08000162   0x00000000   Code   RO         5108    .ARM.Collect$$libinit$$00000013  c_w.l(libinit2.o)
    0x08000162   0x08000162   0x00000000   Code   RO         5110    .ARM.Collect$$libinit$$00000015  c_w.l(libinit2.o)
    0x08000162   0x08000162   0x00000000   Code   RO         5112    .ARM.Collect$$libinit$$00000017  c_w.l(libinit2.o)
    0x08000162   0x08000162   0x00000000   Code   RO         5114    .ARM.Collect$$libinit$$00000019  c_w.l(libinit2.o)
    0x08000162   0x08000162   0x00000000   Code   RO         5116    .ARM.Collect$$libinit$$0000001B  c_w.l(libinit2.o)
    0x08000162   0x08000162   0x00000000   Code   RO         5118    .ARM.Collect$$libinit$$0000001D  c_w.l(libinit2.o)
    0x08000162   0x08000162   0x00000000   Code   RO         5120    .ARM.Collect$$libinit$$0000001F  c_w.l(libinit2.o)
    0x08000162   0x08000162   0x00000000   Code   RO         5122    .ARM.Collect$$libinit$$00000021  c_w.l(libinit2.o)
    0x08000162   0x08000162   0x00000000   Code   RO         5124    .ARM.Collect$$libinit$$00000023  c_w.l(libinit2.o)
    0x08000162   0x08000162   0x00000000   Code   RO         5126    .ARM.Collect$$libinit$$00000025  c_w.l(libinit2.o)
    0x08000162   0x08000162   0x00000000   Code   RO         5130    .ARM.Collect$$libinit$$0000002C  c_w.l(libinit2.o)
    0x08000162   0x08000162   0x00000000   Code   RO         5132    .ARM.Collect$$libinit$$0000002E  c_w.l(libinit2.o)
    0x08000162   0x08000162   0x00000000   Code   RO         5134    .ARM.Collect$$libinit$$00000030  c_w.l(libinit2.o)
    0x08000162   0x08000162   0x00000000   Code   RO         5136    .ARM.Collect$$libinit$$00000032  c_w.l(libinit2.o)
    0x08000162   0x08000162   0x00000002   Code   RO         5137    .ARM.Collect$$libinit$$00000033  c_w.l(libinit2.o)
    0x08000164   0x08000164   0x00000002   Code   RO         5157    .ARM.Collect$$libshutdown$$00000000  c_w.l(libshutdown.o)
    0x08000166   0x08000166   0x00000000   Code   RO         5170    .ARM.Collect$$libshutdown$$00000002  c_w.l(libshutdown2.o)
    0x08000166   0x08000166   0x00000000   Code   RO         5172    .ARM.Collect$$libshutdown$$00000004  c_w.l(libshutdown2.o)
    0x08000166   0x08000166   0x00000000   Code   RO         5174    .ARM.Collect$$libshutdown$$00000006  c_w.l(libshutdown2.o)
    0x08000166   0x08000166   0x00000000   Code   RO         5177    .ARM.Collect$$libshutdown$$00000009  c_w.l(libshutdown2.o)
    0x08000166   0x08000166   0x00000000   Code   RO         5180    .ARM.Collect$$libshutdown$$0000000C  c_w.l(libshutdown2.o)
    0x08000166   0x08000166   0x00000000   Code   RO         5182    .ARM.Collect$$libshutdown$$0000000E  c_w.l(libshutdown2.o)
    0x08000166   0x08000166   0x00000000   Code   RO         5185    .ARM.Collect$$libshutdown$$00000011  c_w.l(libshutdown2.o)
    0x08000166   0x08000166   0x00000002   Code   RO         5186    .ARM.Collect$$libshutdown$$00000012  c_w.l(libshutdown2.o)
    0x08000168   0x08000168   0x00000000   Code   RO         5022    .ARM.Collect$$rtentry$$00000000  c_w.l(__rtentry.o)
    0x08000168   0x08000168   0x00000000   Code   RO         5055    .ARM.Collect$$rtentry$$00000002  c_w.l(__rtentry2.o)
    0x08000168   0x08000168   0x00000006   Code   RO         5067    .ARM.Collect$$rtentry$$00000004  c_w.l(__rtentry4.o)
    0x0800016e   0x0800016e   0x00000000   Code   RO         5057    .ARM.Collect$$rtentry$$00000009  c_w.l(__rtentry2.o)
    0x0800016e   0x0800016e   0x00000004   Code   RO         5058    .ARM.Collect$$rtentry$$0000000A  c_w.l(__rtentry2.o)
    0x08000172   0x08000172   0x00000000   Code   RO         5060    .ARM.Collect$$rtentry$$0000000C  c_w.l(__rtentry2.o)
    0x08000172   0x08000172   0x00000008   Code   RO         5061    .ARM.Collect$$rtentry$$0000000D  c_w.l(__rtentry2.o)
    0x0800017a   0x0800017a   0x00000002   Code   RO         5091    .ARM.Collect$$rtexit$$00000000  c_w.l(rtexit.o)
    0x0800017c   0x0800017c   0x00000000   Code   RO         5139    .ARM.Collect$$rtexit$$00000002  c_w.l(rtexit2.o)
    0x0800017c   0x0800017c   0x00000004   Code   RO         5140    .ARM.Collect$$rtexit$$00000003  c_w.l(rtexit2.o)
    0x08000180   0x08000180   0x00000006   Code   RO         5141    .ARM.Collect$$rtexit$$00000004  c_w.l(rtexit2.o)
    0x08000186   0x08000186   0x00000002   PAD
    0x08000188   0x08000188   0x00000096   Code   RO         4605    .emb_text           port.o
    0x0800021e   0x0800021e   0x00000002   PAD
    0x08000220   0x08000220   0x00000040   Code   RO            4    .text               startup_stm32f103xb.o
    0x08000260   0x08000260   0x00000048   Code   RO         4970    .text               c_w.l(strcpy.o)
    0x080002a8   0x080002a8   0x0000008a   Code   RO         4972    .text               c_w.l(rt_memcpy_v6.o)
    0x08000332   0x08000332   0x00000064   Code   RO         4974    .text               c_w.l(rt_memcpy_w.o)
    0x08000396   0x08000396   0x00000044   Code   RO         4978    .text               c_w.l(rt_memclr.o)
    0x080003da   0x080003da   0x0000004e   Code   RO         4980    .text               c_w.l(rt_memclr_w.o)
    0x08000428   0x08000428   0x00000080   Code   RO         4982    .text               c_w.l(strcmpv7m.o)
    0x080004a8   0x080004a8   0x00000006   Code   RO         4984    .text               c_w.l(heapauxi.o)
    0x080004ae   0x080004ae   0x00000016   Code   RO         5023    .text               c_w.l(_rserrno.o)
    0x080004c4   0x080004c4   0x00000008   Code   RO         5072    .text               c_w.l(rt_errno_addr_intlibspace.o)
    0x080004cc   0x080004cc   0x00000008   Code   RO         5076    .text               c_w.l(libspace.o)
    0x080004d4   0x080004d4   0x0000004a   Code   RO         5079    .text               c_w.l(sys_stackheap_outer.o)
    0x0800051e   0x0800051e   0x00000012   Code   RO         5081    .text               c_w.l(exit.o)
    0x08000530   0x08000530   0x0000000c   Code   RO         5149    .text               c_w.l(sys_exit.o)
    0x0800053c   0x0800053c   0x00000002   Code   RO         5160    .text               c_w.l(use_no_semi.o)
    0x0800053e   0x0800053e   0x00000000   Code   RO         5162    .text               c_w.l(indicate_semi.o)
    0x0800053e   0x0800053e   0x00000002   Code   RO          425    i.BusFault_Handler  stm32f1xx_it.o
    0x08000540   0x08000540   0x00000002   Code   RO          426    i.DebugMon_Handler  stm32f1xx_it.o
    0x08000542   0x08000542   0x00000004   Code   RO           13    i.Error_Handler     main.o
    0x08000546   0x08000546   0x00000002   PAD
    0x08000548   0x08000548   0x00000024   Code   RO         1580    i.HAL_Delay         stm32f1xx_hal.o
    0x0800056c   0x0800056c   0x000001e0   Code   RO         1890    i.HAL_GPIO_Init     stm32f1xx_hal_gpio.o
    0x0800074c   0x0800074c   0x0000000a   Code   RO         1892    i.HAL_GPIO_ReadPin  stm32f1xx_hal_gpio.o
    0x08000756   0x08000756   0x00000002   PAD
    0x08000758   0x08000758   0x0000000c   Code   RO         1584    i.HAL_GetTick       stm32f1xx_hal.o
    0x08000764   0x08000764   0x00000188   Code   RO         2561    i.HAL_I2C_Init      stm32f1xx_hal_i2c.o
    0x080008ec   0x080008ec   0x0000012c   Code   RO         2574    i.HAL_I2C_Master_Transmit  stm32f1xx_hal_i2c.o
    0x08000a18   0x08000a18   0x0000005c   Code   RO          288    i.HAL_I2C_MspInit   i2c.o
    0x08000a74   0x08000a74   0x00000010   Code   RO         1590    i.HAL_IncTick       stm32f1xx_hal.o
    0x08000a84   0x08000a84   0x00000024   Code   RO         1591    i.HAL_Init          stm32f1xx_hal.o
    0x08000aa8   0x08000aa8   0x00000098   Code   RO          525    i.HAL_InitTick      stm32f1xx_hal_timebase_tim.o
    0x08000b40   0x08000b40   0x00000048   Code   RO          501    i.HAL_MspInit       stm32f1xx_hal_msp.o
    0x08000b88   0x08000b88   0x0000001a   Code   RO         2050    i.HAL_NVIC_EnableIRQ  stm32f1xx_hal_cortex.o
    0x08000ba2   0x08000ba2   0x00000002   PAD
    0x08000ba4   0x08000ba4   0x00000040   Code   RO         2056    i.HAL_NVIC_SetPriority  stm32f1xx_hal_cortex.o
    0x08000be4   0x08000be4   0x00000024   Code   RO         2057    i.HAL_NVIC_SetPriorityGrouping  stm32f1xx_hal_cortex.o
    0x08000c08   0x08000c08   0x0000012c   Code   RO         1748    i.HAL_RCC_ClockConfig  stm32f1xx_hal_rcc.o
    0x08000d34   0x08000d34   0x00000040   Code   RO         1752    i.HAL_RCC_GetClockConfig  stm32f1xx_hal_rcc.o
    0x08000d74   0x08000d74   0x00000020   Code   RO         1755    i.HAL_RCC_GetPCLK1Freq  stm32f1xx_hal_rcc.o
    0x08000d94   0x08000d94   0x00000020   Code   RO         1756    i.HAL_RCC_GetPCLK2Freq  stm32f1xx_hal_rcc.o
    0x08000db4   0x08000db4   0x0000004c   Code   RO         1757    i.HAL_RCC_GetSysClockFreq  stm32f1xx_hal_rcc.o
    0x08000e00   0x08000e00   0x00000320   Code   RO         1760    i.HAL_RCC_OscConfig  stm32f1xx_hal_rcc.o
    0x08001120   0x08001120   0x00000002   Code   RO         1306    i.HAL_TIMEx_BreakCallback  stm32f1xx_hal_tim_ex.o
    0x08001122   0x08001122   0x00000002   Code   RO         1307    i.HAL_TIMEx_CommutCallback  stm32f1xx_hal_tim_ex.o
    0x08001124   0x08001124   0x00000068   Code   RO         1325    i.HAL_TIMEx_MasterConfigSynchronization  stm32f1xx_hal_tim_ex.o
    0x0800118c   0x0800118c   0x0000005a   Code   RO          602    i.HAL_TIM_Base_Init  stm32f1xx_hal_tim.o
    0x080011e6   0x080011e6   0x00000002   PAD
    0x080011e8   0x080011e8   0x00000050   Code   RO          330    i.HAL_TIM_Base_MspInit  tim.o
    0x08001238   0x08001238   0x00000058   Code   RO          607    i.HAL_TIM_Base_Start_IT  stm32f1xx_hal_tim.o
    0x08001290   0x08001290   0x000000dc   Code   RO          611    i.HAL_TIM_ConfigClockSource  stm32f1xx_hal_tim.o
    0x0800136c   0x0800136c   0x00000002   Code   RO          636    i.HAL_TIM_IC_CaptureCallback  stm32f1xx_hal_tim.o
    0x0800136e   0x0800136e   0x00000130   Code   RO          650    i.HAL_TIM_IRQHandler  stm32f1xx_hal_tim.o
    0x0800149e   0x0800149e   0x00000002   PAD
    0x080014a0   0x080014a0   0x0000004c   Code   RO          331    i.HAL_TIM_MspPostInit  tim.o
    0x080014ec   0x080014ec   0x00000002   Code   RO          653    i.HAL_TIM_OC_DelayElapsedCallback  stm32f1xx_hal_tim.o
    0x080014ee   0x080014ee   0x000000cc   Code   RO          674    i.HAL_TIM_PWM_ConfigChannel  stm32f1xx_hal_tim.o
    0x080015ba   0x080015ba   0x0000005a   Code   RO          677    i.HAL_TIM_PWM_Init  stm32f1xx_hal_tim.o
    0x08001614   0x08001614   0x00000002   Code   RO          679    i.HAL_TIM_PWM_MspInit  stm32f1xx_hal_tim.o
    0x08001616   0x08001616   0x00000002   Code   RO          680    i.HAL_TIM_PWM_PulseFinishedCallback  stm32f1xx_hal_tim.o
    0x08001618   0x08001618   0x0000009c   Code   RO          682    i.HAL_TIM_PWM_Start  stm32f1xx_hal_tim.o
    0x080016b4   0x080016b4   0x00000014   Code   RO           14    i.HAL_TIM_PeriodElapsedCallback  main.o
    0x080016c8   0x080016c8   0x00000002   Code   RO          693    i.HAL_TIM_TriggerCallback  stm32f1xx_hal_tim.o
    0x080016ca   0x080016ca   0x00000064   Code   RO         3017    i.HAL_UART_Init     stm32f1xx_hal_uart.o
    0x0800172e   0x0800172e   0x00000002   PAD
    0x08001730   0x08001730   0x00000080   Code   RO          384    i.HAL_UART_MspInit  usart.o
    0x080017b0   0x080017b0   0x00000002   Code   RO          427    i.HardFault_Handler  stm32f1xx_it.o
    0x080017b2   0x080017b2   0x0000002e   Code   RO         2604    i.I2C_IsAcknowledgeFailed  stm32f1xx_hal_i2c.o
    0x080017e0   0x080017e0   0x0000009c   Code   RO         2608    i.I2C_MasterRequestWrite  stm32f1xx_hal_i2c.o
    0x0800187c   0x0800187c   0x00000056   Code   RO         2619    i.I2C_WaitOnBTFFlagUntilTimeout  stm32f1xx_hal_i2c.o
    0x080018d2   0x080018d2   0x00000002   PAD
    0x080018d4   0x080018d4   0x00000090   Code   RO         2620    i.I2C_WaitOnFlagUntilTimeout  stm32f1xx_hal_i2c.o
    0x08001964   0x08001964   0x000000bc   Code   RO         2621    i.I2C_WaitOnMasterAddressFlagUntilTimeout  stm32f1xx_hal_i2c.o
    0x08001a20   0x08001a20   0x00000056   Code   RO         2623    i.I2C_WaitOnTXEFlagUntilTimeout  stm32f1xx_hal_i2c.o
    0x08001a76   0x08001a76   0x00000002   PAD
    0x08001a78   0x08001a78   0x00000028   Code   RO          237    i.MX_FREERTOS_Init  freertos.o
    0x08001aa0   0x08001aa0   0x0000006c   Code   RO          213    i.MX_GPIO_Init      gpio.o
    0x08001b0c   0x08001b0c   0x00000040   Code   RO          289    i.MX_I2C1_Init      i2c.o
    0x08001b4c   0x08001b4c   0x00000064   Code   RO          332    i.MX_TIM2_Init      tim.o
    0x08001bb0   0x08001bb0   0x00000098   Code   RO          333    i.MX_TIM3_Init      tim.o
    0x08001c48   0x08001c48   0x00000038   Code   RO          385    i.MX_USART1_UART_Init  usart.o
    0x08001c80   0x08001c80   0x00000002   Code   RO          428    i.MemManage_Handler  stm32f1xx_it.o
    0x08001c82   0x08001c82   0x00000002   Code   RO          429    i.NMI_Handler       stm32f1xx_it.o
    0x08001c84   0x08001c84   0x00000010   Code   RO          238    i.StartDefaultTask  freertos.o
    0x08001c94   0x08001c94   0x0000002c   Code   RO         4606    i.SysTick_Handler   port.o
    0x08001cc0   0x08001cc0   0x0000005e   Code   RO           15    i.SystemClock_Config  main.o
    0x08001d1e   0x08001d1e   0x00000002   Code   RO         3351    i.SystemInit        system_stm32f1xx.o
    0x08001d20   0x08001d20   0x00000030   Code   RO          430    i.TIM2_IRQHandler   stm32f1xx_it.o
    0x08001d50   0x08001d50   0x0000000c   Code   RO          431    i.TIM4_IRQHandler   stm32f1xx_it.o
    0x08001d5c   0x08001d5c   0x00000078   Code   RO          695    i.TIM_Base_SetConfig  stm32f1xx_hal_tim.o
    0x08001dd4   0x08001dd4   0x0000001a   Code   RO          696    i.TIM_CCxChannelCmd  stm32f1xx_hal_tim.o
    0x08001dee   0x08001dee   0x00000014   Code   RO          706    i.TIM_ETR_SetConfig  stm32f1xx_hal_tim.o
    0x08001e02   0x08001e02   0x00000010   Code   RO          707    i.TIM_ITRx_SetConfig  stm32f1xx_hal_tim.o
    0x08001e12   0x08001e12   0x00000002   PAD
    0x08001e14   0x08001e14   0x00000050   Code   RO          708    i.TIM_OC1_SetConfig  stm32f1xx_hal_tim.o
    0x08001e64   0x08001e64   0x00000058   Code   RO          709    i.TIM_OC2_SetConfig  stm32f1xx_hal_tim.o
    0x08001ebc   0x08001ebc   0x00000058   Code   RO          710    i.TIM_OC3_SetConfig  stm32f1xx_hal_tim.o
    0x08001f14   0x08001f14   0x00000044   Code   RO          711    i.TIM_OC4_SetConfig  stm32f1xx_hal_tim.o
    0x08001f58   0x08001f58   0x00000022   Code   RO          713    i.TIM_TI1_ConfigInputStage  stm32f1xx_hal_tim.o
    0x08001f7a   0x08001f7a   0x00000024   Code   RO          715    i.TIM_TI2_ConfigInputStage  stm32f1xx_hal_tim.o
    0x08001f9e   0x08001f9e   0x00000002   PAD
    0x08001fa0   0x08001fa0   0x000000b8   Code   RO         3043    i.UART_SetConfig    stm32f1xx_hal_uart.o
    0x08002058   0x08002058   0x00000004   Code   RO          432    i.USART1_IRQHandler  stm32f1xx_it.o
    0x0800205c   0x0800205c   0x00000002   Code   RO          433    i.UsageFault_Handler  stm32f1xx_it.o
    0x0800205e   0x0800205e   0x00000026   Code   RO         5038    i.__ARM_fpclassifyf  m_ws.l(fpclassifyf.o)
    0x08002084   0x08002084   0x00000020   Code   RO         2063    i.__NVIC_SetPriority  stm32f1xx_hal_cortex.o
    0x080020a4   0x080020a4   0x0000000a   Code   RO         5040    i.__mathlib_flt_divzero  m_ws.l(funder.o)
    0x080020ae   0x080020ae   0x00000004   Code   RO         5042    i.__mathlib_flt_infnan2  m_ws.l(funder.o)
    0x080020b2   0x080020b2   0x00000008   Code   RO         5043    i.__mathlib_flt_invalid  m_ws.l(funder.o)
    0x080020ba   0x080020ba   0x0000000a   Code   RO         5044    i.__mathlib_flt_overflow  m_ws.l(funder.o)
    0x080020c4   0x080020c4   0x0000000a   Code   RO         5046    i.__mathlib_flt_underflow  m_ws.l(funder.o)
    0x080020ce   0x080020ce   0x00000010   Code   RO         4682    i.clamp_i32         synth.o
    0x080020de   0x080020de   0x00000002   PAD
    0x080020e0   0x080020e0   0x00000114   Code   RO         4892    i.glyph             oled_ui.o
    0x080021f4   0x080021f4   0x000000e0   Code   RO         4808    i.handle_effect_keys  input.o
    0x080022d4   0x080022d4   0x00000084   Code   RO         4809    i.handle_note_keys  input.o
    0x08002358   0x08002358   0x0000000c   Code   RO         4810    i.input_get_current_note  input.o
    0x08002364   0x08002364   0x00000024   Code   RO         4811    i.input_get_midi_active  input.o
    0x08002388   0x08002388   0x00000034   Code   RO         4812    i.input_init        input.o
    0x080023bc   0x080023bc   0x00000040   Code   RO         4813    i.input_midi_irq_handler  input.o
    0x080023fc   0x080023fc   0x00000038   Code   RO         4814    i.input_task_step   input.o
    0x08002434   0x08002434   0x00000050   Code   RO           16    i.main              main.o
    0x08002484   0x08002484   0x0000000c   Code   RO         4171    i.makeFreeRtosPriority  cmsis_os.o
    0x08002490   0x08002490   0x0000000c   Code   RO         4815    i.midi_next_idx     input.o
    0x0800249c   0x0800249c   0x000000a0   Code   RO         4816    i.midi_process_byte  input.o
    0x0800253c   0x0800253c   0x00000048   Code   RO         4683    i.midi_to_phase_inc  synth.o
    0x08002584   0x08002584   0x00000042   Code   RO         4893    i.oled_draw_char    oled_ui.o
    0x080025c6   0x080025c6   0x00000024   Code   RO         4894    i.oled_draw_text    oled_ui.o
    0x080025ea   0x080025ea   0x00000002   PAD
    0x080025ec   0x080025ec   0x0000004e   Code   RO         4895    i.oled_draw_text_padded  oled_ui.o
    0x0800263a   0x0800263a   0x00000022   Code   RO         4896    i.oled_set_pos      oled_ui.o
    0x0800265c   0x0800265c   0x00000144   Code   RO         4897    i.oled_ui_init      oled_ui.o
    0x080027a0   0x080027a0   0x000001bc   Code   RO         4898    i.oled_ui_task_step  oled_ui.o
    0x0800295c   0x0800295c   0x00000020   Code   RO         4899    i.oled_write_cmd    oled_ui.o
    0x0800297c   0x0800297c   0x00000054   Code   RO         4900    i.oled_write_data   oled_ui.o
    0x080029d0   0x080029d0   0x0000000e   Code   RO         4173    i.osDelay           cmsis_os.o
    0x080029de   0x080029de   0x0000000a   Code   RO         4176    i.osKernelStart     cmsis_os.o
    0x080029e8   0x080029e8   0x00000054   Code   RO         4210    i.osThreadCreate    cmsis_os.o
    0x08002a3c   0x08002a3c   0x00000620   Code   RO         5013    i.powf              m_ws.l(powf.o)
    0x0800305c   0x0800305c   0x00000070   Code   RO         3853    i.prvAddCurrentTaskToDelayedList  tasks.o
    0x080030cc   0x080030cc   0x000000d0   Code   RO         3854    i.prvAddNewTaskToReadyList  tasks.o
    0x0800319c   0x0800319c   0x00000034   Code   RO         3855    i.prvDeleteTCB      tasks.o
    0x080031d0   0x080031d0   0x0000004c   Code   RO         4538    i.prvHeapInit       heap_4.o
    0x0800321c   0x0800321c   0x00000060   Code   RO         3856    i.prvIdleTask       tasks.o
    0x0800327c   0x0800327c   0x00000098   Code   RO         3857    i.prvInitialiseNewTask  tasks.o
    0x08003314   0x08003314   0x0000004c   Code   RO         4539    i.prvInsertBlockIntoFreeList  heap_4.o
    0x08003360   0x08003360   0x00000020   Code   RO         3858    i.prvResetNextTaskUnblockTime  tasks.o
    0x08003380   0x08003380   0x00000028   Code   RO         4607    i.prvTaskExitError  port.o
    0x080033a8   0x080033a8   0x000000dc   Code   RO         4540    i.pvPortMalloc      heap_4.o
    0x08003484   0x08003484   0x00000024   Code   RO         4608    i.pxPortInitialiseStack  port.o
    0x080034a8   0x080034a8   0x00000088   Code   RO         4817    i.read_key_mask     input.o
    0x08003530   0x08003530   0x00000026   Code   RO         4684    i.soft_clip_12b     synth.o
    0x08003556   0x08003556   0x00000002   PAD
    0x08003558   0x08003558   0x0000000c   Code   RO         4685    i.synth_get_delay   synth.o
    0x08003564   0x08003564   0x0000016c   Code   RO         4686    i.synth_get_sample  synth.o
    0x080036d0   0x080036d0   0x0000000c   Code   RO         4687    i.synth_get_tremolo  synth.o
    0x080036dc   0x080036dc   0x0000000c   Code   RO         4688    i.synth_get_waveform  synth.o
    0x080036e8   0x080036e8   0x0000004c   Code   RO         4689    i.synth_init        synth.o
    0x08003734   0x08003734   0x00000030   Code   RO         4691    i.synth_note_off_key  synth.o
    0x08003764   0x08003764   0x000000fc   Code   RO         4692    i.synth_note_on     synth.o
    0x08003860   0x08003860   0x00000028   Code   RO         4693    i.synth_set_delay   synth.o
    0x08003888   0x08003888   0x00000010   Code   RO         4694    i.synth_set_tremolo  synth.o
    0x08003898   0x08003898   0x0000001c   Code   RO         4695    i.synth_set_waveform  synth.o
    0x080038b4   0x080038b4   0x0000002c   Code   RO         4696    i.update_legacy_active_flag  synth.o
    0x080038e0   0x080038e0   0x00000026   Code   RO         3489    i.uxListRemove      list.o
    0x08003906   0x08003906   0x00000002   PAD
    0x08003908   0x08003908   0x00000014   Code   RO          239    i.vApplicationGetIdleTaskMemory  freertos.o
    0x0800391c   0x0800391c   0x00000016   Code   RO         3490    i.vListInitialise   list.o
    0x08003932   0x08003932   0x00000006   Code   RO         3491    i.vListInitialiseItem  list.o
    0x08003938   0x08003938   0x00000030   Code   RO         3492    i.vListInsert       list.o
    0x08003968   0x08003968   0x00000018   Code   RO         3493    i.vListInsertEnd    list.o
    0x08003980   0x08003980   0x00000040   Code   RO         4610    i.vPortEnterCritical  port.o
    0x080039c0   0x080039c0   0x00000028   Code   RO         4611    i.vPortExitCritical  port.o
    0x080039e8   0x080039e8   0x00000064   Code   RO         4541    i.vPortFree         heap_4.o
    0x08003a4c   0x08003a4c   0x00000024   Code   RO         4612    i.vPortSetupTimerInterrupt  port.o
    0x08003a70   0x08003a70   0x0000004c   Code   RO         3867    i.vTaskDelay        tasks.o
    0x08003abc   0x08003abc   0x0000006c   Code   RO         3880    i.vTaskStartScheduler  tasks.o
    0x08003b28   0x08003b28   0x00000010   Code   RO         3882    i.vTaskSuspendAll   tasks.o
    0x08003b38   0x08003b38   0x0000005c   Code   RO         3883    i.vTaskSwitchContext  tasks.o
    0x08003b94   0x08003b94   0x000000a8   Code   RO         4614    i.xPortStartScheduler  port.o
    0x08003c3c   0x08003c3c   0x0000005a   Code   RO         3886    i.xTaskCreate       tasks.o
    0x08003c96   0x08003c96   0x00000056   Code   RO         3887    i.xTaskCreateStatic  tasks.o
    0x08003cec   0x08003cec   0x000000cc   Code   RO         3894    i.xTaskIncrementTick  tasks.o
    0x08003db8   0x08003db8   0x000000c4   Code   RO         3900    i.xTaskResumeAll    tasks.o
    0x08003e7c   0x08003e7c   0x000000c4   Code   RO         4988    x$fpl$fadd          fz_ws.l(faddsub_clz.o)
    0x08003f40   0x08003f40   0x0000000c   Code   RO         5025    x$fpl$fcheck1       fz_ws.l(fcheck1.o)
    0x08003f4c   0x08003f4c   0x00000184   Code   RO         4995    x$fpl$fdiv          fz_ws.l(fdiv.o)
    0x080040d0   0x080040d0   0x00000052   Code   RO         5028    x$fpl$ffixr         fz_ws.l(ffix.o)
    0x08004122   0x08004122   0x00000002   PAD
    0x08004124   0x08004124   0x0000003e   Code   RO         4998    x$fpl$ffixu         fz_ws.l(ffixu.o)
    0x08004162   0x08004162   0x00000002   PAD
    0x08004164   0x08004164   0x00000030   Code   RO         5003    x$fpl$fflt          fz_ws.l(fflt_clz.o)
    0x08004194   0x08004194   0x00000026   Code   RO         5002    x$fpl$ffltu         fz_ws.l(fflt_clz.o)
    0x080041ba   0x080041ba   0x00000002   PAD
    0x080041bc   0x080041bc   0x00000102   Code   RO         5008    x$fpl$fmul          fz_ws.l(fmul.o)
    0x080042be   0x080042be   0x0000008c   Code   RO         5031    x$fpl$fnaninf       fz_ws.l(fnaninf.o)
    0x0800434a   0x0800434a   0x0000000a   Code   RO         5033    x$fpl$fretinf       fz_ws.l(fretinf.o)
    0x08004354   0x08004354   0x00000014   Code   RO         4989    x$fpl$frsb          fz_ws.l(faddsub_clz.o)
    0x08004368   0x08004368   0x000000ea   Code   RO         4990    x$fpl$fsub          fz_ws.l(faddsub_clz.o)
    0x08004452   0x08004452   0x00000064   Code   RO         5074    x$fpl$retnan        fz_ws.l(retnan.o)
    0x080044b6   0x080044b6   0x0000004c   Code   RO         5010    x$fpl$scalbnf       fz_ws.l(scalbnf.o)
    0x08004502   0x08004502   0x00000030   Code   RO         5089    x$fpl$trapveneer    fz_ws.l(trapv.o)
    0x08004532   0x08004532   0x00000000   Code   RO         5037    x$fpl$usenofp       fz_ws.l(usenofp.o)
    0x08004532   0x08004532   0x00000002   PAD
    0x08004534   0x08004534   0x0000001c   Data   RO          241    .constdata          freertos.o
    0x08004550   0x08004550   0x00000012   Data   RO         1761    .constdata          stm32f1xx_hal_rcc.o
    0x08004562   0x08004562   0x00000010   Data   RO         3352    .constdata          system_stm32f1xx.o
    0x08004572   0x08004572   0x00000008   Data   RO         3353    .constdata          system_stm32f1xx.o
    0x0800457a   0x0800457a   0x00000002   PAD
    0x0800457c   0x0800457c   0x0000001a   Data   RO         4698    .constdata          synth.o
    0x08004596   0x08004596   0x00000200   Data   RO         4790    .constdata          wavetable.o
    0x08004796   0x08004796   0x00000200   Data   RO         4791    .constdata          wavetable.o
    0x08004996   0x08004996   0x00000200   Data   RO         4792    .constdata          wavetable.o
    0x08004b96   0x08004b96   0x00000200   Data   RO         4793    .constdata          wavetable.o
    0x08004d96   0x08004d96   0x00000008   Data   RO         4819    .constdata          input.o
    0x08004d9e   0x08004d9e   0x000000aa   Data   RO         4902    .constdata          oled_ui.o
    0x08004e48   0x08004e48   0x00000140   Data   RO         5014    .constdata          m_ws.l(powf.o)
    0x08004f88   0x08004f88   0x0000000c   Data   RO          242    .conststring        freertos.o
    0x08004f94   0x08004f94   0x0000002e   Data   RO         4903    .conststring        oled_ui.o
    0x08004fc2   0x08004fc2   0x00000002   PAD
    0x08004fc4   0x08004fc4   0x00000020   Data   RO         5217    Region$$Table       anon$$obj.o


    Execution Region RW_IRAM1 (Exec base: 0x20000000, Load base: 0x08004fe4, Size: 0x00004690, Max: 0x00005000, ABSOLUTE)

    Exec Addr    Load Addr    Size         Type   Attr      Idx    E Section Name        Object

    0x20000000   0x08004fe4   0x00000004   Data   RW          243    .data               freertos.o
    0x20000004   0x08004fe8   0x0000000c   Data   RW         1598    .data               stm32f1xx_hal.o
    0x20000010   0x08004ff4   0x00000004   Data   RW         3354    .data               system_stm32f1xx.o
    0x20000014   0x08004ff8   0x0000003c   Data   RW         3903    .data               tasks.o
    0x20000050   0x08005034   0x00000020   Data   RW         4547    .data               heap_4.o
    0x20000070   0x08005054   0x0000000c   Data   RW         4615    .data               port.o
    0x2000007c   0x08005060   0x00000018   Data   RW         4699    .data               synth.o
    0x20000094   0x08005078   0x00000018   Data   RW         4820    .data               input.o
    0x200000ac   0x08005090   0x0000004c   Data   RW         4904    .data               oled_ui.o
    0x200000f8        -       0x00000254   Zero   RW          240    .bss                freertos.o
    0x2000034c        -       0x00000054   Zero   RW          290    .bss                i2c.o
    0x200003a0        -       0x00000090   Zero   RW          334    .bss                tim.o
    0x20000430        -       0x00000048   Zero   RW          386    .bss                usart.o
    0x20000478        -       0x00000048   Zero   RW          528    .bss                stm32f1xx_hal_timebase_tim.o
    0x200004c0        -       0x000000f0   Zero   RW         3902    .bss                tasks.o
    0x200005b0        -       0x00002000   Zero   RW         4546    .bss                heap_4.o
    0x200025b0        -       0x00001a34   Zero   RW         4697    .bss                synth.o
    0x20003fe4        -       0x00000040   Zero   RW         4818    .bss                input.o
    0x20004024        -       0x0000000c   Zero   RW         4901    .bss                oled_ui.o
    0x20004030        -       0x00000060   Zero   RW         5077    .bss                c_w.l(libspace.o)
    0x20004090        -       0x00000200   Zero   RW            2    HEAP                startup_stm32f103xb.o
    0x20004290        -       0x00000400   Zero   RW            1    STACK               startup_stm32f103xb.o


==============================================================================

Image component sizes


      Code (inc. data)   RO Data    RW Data    ZI Data      Debug   Object Name

       120          0          0          0          0      23097   cmsis_os.o
         0          0          0          0          0      16888   event_groups.o
        76         14         40          4        596       2354   freertos.o
       108         12          0          0          0        871   gpio.o
       472         24          0         32       8192       7215   heap_4.o
       156         26          0          0         84       1565   i2c.o
       884         68          8         24         64       8055   input.o
       138          0          0          0          0       3298   list.o
       198         16          0          0          0     468000   main.o
      1374        180        216         76         12       8655   oled_ui.o
       578         60          0         12          0      10076   port.o
        64         26        236          0       1536        796   startup_stm32f103xb.o
       100         18          0         12          0       5130   stm32f1xx_hal.o
       158         14          0          0          0      28102   stm32f1xx_hal_cortex.o
       490         34          0          0          0       2843   stm32f1xx_hal_gpio.o
      1398         32          0          0          0       8965   stm32f1xx_hal_i2c.o
        72         10          0          0          0        838   stm32f1xx_hal_msp.o
      1304         94         18          0          0       5625   stm32f1xx_hal_rcc.o
      1738         56          0          0          0      15758   stm32f1xx_hal_tim.o
       108         12          0          0          0       2337   stm32f1xx_hal_tim_ex.o
       152         20          0          0         72       1427   stm32f1xx_hal_timebase_tim.o
       284          6          0          0          0       1880   stm32f1xx_hal_uart.o
        76         16          0          0          0       3805   stm32f1xx_it.o
         0          0          0          0          0        396   stream_buffer.o
      1030        120         26         24       6708      10101   synth.o
         2          0         24          4          0       1071   system_stm32f1xx.o
      1520        112          0         60        240      18790   tasks.o
       408         34          0          0        144       2897   tim.o
       184         20          0          0         72       1622   usart.o
         0          0       2048          0          0        651   wavetable.o

    ----------------------------------------------------------------------
     13222       1024       2652        248      17720     663108   Object Totals
         0          0         32          0          0          0   (incl. Generated)
        30          0          4          0          0          0   (incl. Padding)

    ----------------------------------------------------------------------

      Code (inc. data)   RO Data    RW Data    ZI Data      Debug   Library Member Name

         8          0          0          0          0         68   __main.o
         0          0          0          0          0          0   __rtentry.o
        12          0          0          0          0          0   __rtentry2.o
         6          0          0          0          0          0   __rtentry4.o
        52          8          0          0          0          0   __scatter.o
        26          0          0          0          0          0   __scatter_copy.o
        28          0          0          0          0          0   __scatter_zi.o
        22          0          0          0          0        100   _rserrno.o
        18          0          0          0          0         80   exit.o
         6          0          0          0          0        152   heapauxi.o
         0          0          0          0          0          0   indicate_semi.o
         2          0          0          0          0          0   libinit.o
         2          0          0          0          0          0   libinit2.o
         2          0          0          0          0          0   libshutdown.o
         2          0          0          0          0          0   libshutdown2.o
         8          4          0          0         96         68   libspace.o
         8          4          0          0          0         68   rt_errno_addr_intlibspace.o
        68          0          0          0          0         68   rt_memclr.o
        78          0          0          0          0         80   rt_memclr_w.o
       138          0          0          0          0         68   rt_memcpy_v6.o
       100          0          0          0          0         80   rt_memcpy_w.o
         2          0          0          0          0          0   rtexit.o
        10          0          0          0          0          0   rtexit2.o
       128          0          0          0          0         68   strcmpv7m.o
        72          0          0          0          0         80   strcpy.o
        12          4          0          0          0         68   sys_exit.o
        74          0          0          0          0         80   sys_stackheap_outer.o
         2          0          0          0          0         68   use_no_semi.o
       450          8          0          0          0        236   faddsub_clz.o
        12          4          0          0          0         68   fcheck1.o
       388         76          0          0          0         96   fdiv.o
        82          4          0          0          0         84   ffix.o
        62          4          0          0          0         84   ffixu.o
        86          0          0          0          0        136   fflt_clz.o
       258          4          0          0          0         84   fmul.o
       140          4          0          0          0         84   fnaninf.o
        10          0          0          0          0         68   fretinf.o
       100          0          0          0          0         68   retnan.o
        76          0          0          0          0         68   scalbnf.o
        48          0          0          0          0         68   trapv.o
         0          0          0          0          0          0   usenofp.o
        38          0          0          0          0         68   fpclassifyf.o
        42          0          0          0          0        340   funder.o
      1568         80        320          0          0        224   powf.o

    ----------------------------------------------------------------------
      4258        204        320          0         96       2972   Library Totals
        12          0          0          0          0          0   (incl. Padding)

    ----------------------------------------------------------------------

      Code (inc. data)   RO Data    RW Data    ZI Data      Debug   Library Name

       886         20          0          0         96       1196   c_w.l
      1712        104          0          0          0       1144   fz_ws.l
      1648         80        320          0          0        632   m_ws.l

    ----------------------------------------------------------------------
      4258        204        320          0         96       2972   Library Totals

    ----------------------------------------------------------------------

==============================================================================


      Code (inc. data)   RO Data    RW Data    ZI Data      Debug   

     17480       1228       2972        248      17816     656976   Grand Totals
     17480       1228       2972        248      17816     656976   ELF Image Totals
     17480       1228       2972        248          0          0   ROM Totals

==============================================================================

    Total RO  Size (Code + RO Data)                20452 (  19.97kB)
    Total RW  Size (RW Data + ZI Data)             18064 (  17.64kB)
    Total ROM Size (Code + RO Data + RW Data)      20700 (  20.21kB)

==============================================================================

